<html>
<body>
<pre>
<h1>µVision Build Log</h1>
<h2>Project:</h2>
C:\Users\MichaelPark\Desktop\UT\4-1 Spring 2016\EE 445L\Labs\Lab 1\ST7735.uvproj
Project File Date:  01/31/2016

<h2>Output:</h2>
Rebuild target 'ST7735'
assembling startup.s...
compiling PLL.c...
compiling ST7735.c...
compiling fixed.c...
fixed.c(58): warning:  #2748-D: null argument provided for parameter marked with attribute "nonnull"
                                        fputc('.', 0);
fixed.c(59): warning:  #2748-D: null argument provided for parameter marked with attribute "nonnull"
                                        fputc(ch[i], 0);
fixed.c(67): warning:  #2748-D: null argument provided for parameter marked with attribute "nonnull"
                                        fputc(ch[i], 0);
fixed.c(75): warning:  #2748-D: null argument provided for parameter marked with attribute "nonnull"
                                        fputc('.', 0);
fixed.c(76): warning:  #2748-D: null argument provided for parameter marked with attribute "nonnull"
                                        fputc(ch[i], 0);
fixed.c(80): warning:  #2748-D: null argument provided for parameter marked with attribute "nonnull"
                                        fputc(' ' , 0);
fixed.c(84): warning:  #2748-D: null argument provided for parameter marked with attribute "nonnull"
                                        fputc(ch[i], 0);
fixed.c(91): warning:  #2748-D: null argument provided for parameter marked with attribute "nonnull"
                        fputc(' ', 0);
fixed.c(147): warning:  #2748-D: null argument provided for parameter marked with attribute "nonnull"
                                fputc('.', 0);
fixed.c(148): warning:  #2748-D: null argument provided for parameter marked with attribute "nonnull"
                                fputc(ch[i], 0);        
fixed.c(152): warning:  #2748-D: null argument provided for parameter marked with attribute "nonnull"
                                fputc(' ' , 0);
fixed.c(157): warning:  #2748-D: null argument provided for parameter marked with attribute "nonnull"
                                fputc(' ' , 0);
fixed.c(160): warning:  #2748-D: null argument provided for parameter marked with attribute "nonnull"
                                fputc(ch[i], 0);        
fixed.c(259): warning:  #1-D: last line of file ends without a newline
  }
fixed.c: 14 warnings, 0 errors
compiling Lab1.c...
Lab1.c(36): warning:  #1295-D: Deprecated declaration Test4EC - give arg types
  extern void Test4EC();
Lab1.c(37): warning:  #1295-D: Deprecated declaration Test3EC - give arg types
  extern void Test3EC();
Lab1.c(73): warning:  #68-D: integer conversion resulted in a change of sign
  {     -4,  " =   0.01?\r" }, //      4/256 = 0.01  
Lab1.c: 3 warnings, 0 errors
compiling SysTick.c...
assembling ExtraCredit.asm...
ExtraCredit.asm(28): warning: A1581W: Added 2 bytes of padding at address 0x32
assembling ExtraCredit2.asm...
ExtraCredit2.asm(25): warning: A1581W: Added 2 bytes of padding at address 0x2a
linking...
Program Size: Code=4612 RO-data=4324 RW-data=88 ZI-data=1024  
".\ST7735.axf" - 0 Error(s), 19 Warning(s).
Load "C:\\Users\\MichaelPark\\Desktop\\UT\\4-1 Spring 2016\\EE 445L\\Labs\\Lab 1\\ST7735.axf" 
Connecting: Mode=JTAG, Speed=1000000Hz
Erase Done.
Programming Done.
Verify OK.
