<html>
<body>
<pre>
<h1>µVision Build Log</h1>
<h2>Project:</h2>
C:\Users\MichaelPark\Desktop\UT\4-1 Spring 2016\EE 445L\Labs\Lab 1\ST7735.uvproj
Project File Date:  01/27/2016

<h2>Output:</h2>
Rebuild target 'ST7735'
assembling startup.s...
compiling PLL.c...
compiling ST7735.c...
compiling fixed.c...
fixed.c(39): warning:  #2748-D: null argument provided for parameter marked with attribute "nonnull"
                                        fputc('.', 0);
fixed.c(40): warning:  #2748-D: null argument provided for parameter marked with attribute "nonnull"
                                        fputc(ch[i], 0);
fixed.c(48): warning:  #2748-D: null argument provided for parameter marked with attribute "nonnull"
                                        fputc(ch[i], 0);
fixed.c(56): warning:  #2748-D: null argument provided for parameter marked with attribute "nonnull"
                                        fputc('.', 0);
fixed.c(57): warning:  #2748-D: null argument provided for parameter marked with attribute "nonnull"
                                        fputc(ch[i], 0);
fixed.c(61): warning:  #2748-D: null argument provided for parameter marked with attribute "nonnull"
                                        fputc(' ' , 0);
fixed.c(65): warning:  #2748-D: null argument provided for parameter marked with attribute "nonnull"
                                        fputc(ch[i], 0);
fixed.c(72): warning:  #2748-D: null argument provided for parameter marked with attribute "nonnull"
                        fputc(' ', 0);
fixed.c(107): warning:  #2748-D: null argument provided for parameter marked with attribute "nonnull"
                                fputc('.', 0);
fixed.c(108): warning:  #2748-D: null argument provided for parameter marked with attribute "nonnull"
                                fputc(ch[i], 0);        
fixed.c(112): warning:  #2748-D: null argument provided for parameter marked with attribute "nonnull"
                                fputc(' ' , 0);
fixed.c(117): warning:  #2748-D: null argument provided for parameter marked with attribute "nonnull"
                                fputc(' ' , 0);
fixed.c(120): warning:  #2748-D: null argument provided for parameter marked with attribute "nonnull"
                                fputc(ch[i], 0);        
fixed.c(200): warning:  #1-D: last line of file ends without a newline
  }
fixed.c: 14 warnings, 0 errors
compiling Lab1.c...
Lab1.c(28): warning:  #1295-D: Deprecated declaration Test4EC - give arg types
  extern void Test4EC();
Lab1.c(29): warning:  #1295-D: Deprecated declaration Test3EC - give arg types
  extern void Test3EC();
Lab1.c(65): warning:  #68-D: integer conversion resulted in a change of sign
  {     -4,  " =   0.01?\r" }, //      4/256 = 0.01  
Lab1.c: 3 warnings, 0 errors
compiling SysTick.c...
assembling ExtraCredit.asm...
ExtraCredit.asm(28): warning: A1581W: Added 2 bytes of padding at address 0x32
assembling ExtraCredit2.asm...
ExtraCredit2.asm(25): warning: A1581W: Added 2 bytes of padding at address 0x2a
linking...
Program Size: Code=4652 RO-data=4324 RW-data=88 ZI-data=1024  
".\ST7735.axf" - 0 Error(s), 19 Warning(s).
Load "C:\\Users\\MichaelPark\\Desktop\\UT\\4-1 Spring 2016\\EE 445L\\Labs\\Lab 1\\ST7735.axf" 
Connecting: Mode=JTAG, Speed=1000000Hz
Erase Done.
Programming Done.
Verify OK.
</pre>
</body>
</html>

fixed.c(40): warning:  #2748-D: null argument provided for parameter marked with attribute "nonnull"
                                        fputc(ch[i], 0);
fixed.c(48): warning:  #2748-D: null argument provided for parameter marked with attribute "nonnull"
                                        fputc(ch[i], 0);
fixed.c(56): warning:  #2748-D: null argument provided for parameter marked with attribute "nonnull"
                                        fputc('.', 0);
fixed.c(57): warning:  #2748-D: null argument provided for parameter marked with attribute "nonnull"
                                        fputc(ch[i], 0);
fixed.c(61): warning:  #2748-D: null argument provided for parameter marked with attribute "nonnull"
                                        fputc(' ' , 0);
fixed.c(65): warning:  #2748-D: null argument provided for parameter marked with attribute "nonnull"
                                        fputc(ch[i], 0);
fixed.c(72): warning:  #2748-D: null argument provided for parameter marked with attribute "nonnull"
                        fputc(' ', 0);
fixed.c(107): warning:  #2748-D: null argument provided for parameter marked with attribute "nonnull"
                                fputc('.', 0);
fixed.c(108): warning:  #2748-D: null argument provided for parameter marked with attribute "nonnull"
                                fputc(ch[i], 0);        
fixed.c(112): warning:  #2748-D: null argument provided for parameter marked with attribute "nonnull"
                                fputc(' ' , 0);
fixed.c(117): warning:  #2748-D: null argument provided for parameter marked with attribute "nonnull"
                                fputc(' ' , 0);
fixed.c(120): warning:  #2748-D: null argument provided for parameter marked with attribute "nonnull"
                                fputc(ch[i], 0);        
fixed.c(200): warning:  #1-D: last line of file ends without a newline
  }
fixed.c: 14 warnings, 0 errors
compiling Lab1.c...
Lab1.c(28): warning:  #1295-D: Deprecated declaration Test4EC - give arg types
  extern void Test4EC();
Lab1.c(29): warning:  #1295-D: Deprecated declaration Test3EC - give arg types
  extern void Test3EC();
Lab1.c: 2 warnings, 0 errors
compiling SysTick.c...
linking...
Program Size: Code=4616 RO-data=4324 RW-data=88 ZI-data=1024  
".\ST7735.axf" - 0 Error(s), 16 Warning(s).
*** Completed Cross-Module-Optimization after 2 iteration(s).
Load "C:\\Users\\MichaelPark\\Desktop\\UT\\4-1 Spring 2016\\EE 445L\\Labs\\Lab 1\\ST7735.axf" 
Connecting: Mode=JTAG, Speed=1000000Hz
Erase Done.
Programming Done.
Verify OK.
