<html>
<body>
<pre>
<h1>µVision Build Log</h1>
<h2>Project:</h2>
C:\Users\MichaelPark\Desktop\UT\4-1 Spring 2016\EE 445L\Labs\445L\Lab4\getWeather.uvproj
Project File Date:  02/17/2016

<h2>Output:</h2>
Rebuild target 'getWeather'
compiling main.c...
compiling board.c...
compiling Nokia5110.c...
compiling LED.c...
compiling device.c...
compiling driver.c...
compiling flowcont.c...
compiling fs.c...
compiling netapp.c...
compiling netcfg.c...
compiling nonos.c...
compiling socket.c...
compiling spawn.c...
compiling spi.c...
assembling startup_rvmdk.S...
compiling uart.c...
compiling wlan.c...
compiling uartstdio.c...
compiling ustdlib.c...
compiling ST7735.c...
linking...
Program Size: Code=13892 RO-data=1780 RW-data=56 ZI-data=19512  
After Build - User command #1: fromelf --bin --output .\rvmdk\cc31000_starter.bin .\rvmdk\cc31000_starter.axf
".\rvmdk\getWeather.axf" - 0 Error(s), 0 Warning(s).
Load "C:\\Users\\MichaelPark\\Desktop\\UT\\4-1 Spring 2016\\EE 445L\\Labs\\445L\\Lab4\\rvmdk\\getWeather.axf" 
Connecting: Mode=JTAG, Speed=1000000Hz
Erase Done.
Programming Done.
Verify OK.
</pre>
</body>
</html>
ichaelPark\Desktop\UT\4-1 Spring 2016\EE 445L\Labs\445L\Lab4\rvmdk\getWeather.axf'
L\\Lab4\\rvmdk\\getWeather.axf" 
Connecting: Mode=JTAG, Speed=1000000Hz
Erase Done.
Programming Done.
Verify OK.
bling startup_rvmdk.S...
compiling uart.c...
compiling wlan.c...
compiling uartstdio.c...
compiling ustdlib.c...
".\rvmdk\getWeather.axf" - 4 Error(s), 0 Warning(s).
Target not created
or directory
  #include "inc/hw_ints.h"
..\utils\uartstdio.c: 0 warnings, 1 error
compiling ustdlib.c...
".\rvmdk\getWeather.axf" - 5 Error(s), 0 Warning(s).
Target not created
 "inc/hw_ints.h"
..\utils\uartstdio.c: 0 warnings, 1 error
compiling ustdlib.c...
".\rvmdk\getWeather.axf" - 6 Error(s), 0 Warning(s).
Target not created
