<html>
<body>
<pre>
<h1>µVision Build Log</h1>
<h2>Project:</h2>
C:\Users\Jack\Documents\GitHub\445L\Lab4\getWeather.uvproj
Project File Date:  02/18/2016

<h2>Output:</h2>
Rebuild target 'getWeather'
compiling main.c...
compiling board.c...
compiling Nokia5110.c...
compiling LED.c...
compiling device.c...
compiling driver.c...
compiling flowcont.c...
compiling fs.c...
compiling netapp.c...
compiling netcfg.c...
compiling nonos.c...
compiling socket.c...
compiling spawn.c...
compiling spi.c...
assembling startup_rvmdk.S...
compiling uart.c...
compiling wlan.c...
compiling uartstdio.c...
compiling ustdlib.c...
compiling ST7735.c...
compiling Timer0A.c...
Timer0A.c(46): warning:  #177-D: variable "sr" was declared but never referenced
  void Timer0A_Init(void(*task)(void), uint32_t period){long sr;
Timer0A.c: 1 warning, 0 errors
compiling ADCSWTrigger.c...
linking...
Program Size: Code=16384 RO-data=3964 RW-data=104 ZI-data=19552  
After Build - User command #1: fromelf --bin --output .\rvmdk\cc31000_starter.bin .\rvmdk\cc31000_starter.axf
".\rvmdk\getWeather.axf" - 0 Error(s), 1 Warning(s).
