<html>
<body>
<pre>
<h1>µVision Build Log</h1>
<h2>Project:</h2>
C:\Users\MichaelPark\Desktop\UT\4-1 Spring 2016\EE 445L\Labs\EmbSysLab\Lab8\ESP8266_4C123\ESP8266_4C123\espDemo.uvproj
Project File Date:  03/19/2016

<h2>Output:</h2>
Rebuild target 'esp8266'
assembling startup.s...
compiling main.c...
compiling pll.c...
compiling esp8266.c...
compiling UART.c...
compiling LED.c...
linking...
Program Size: Code=5112 RO-data=32 RW-data=204 ZI-data=6180  
".\esp8266.axf" - 0 Error(s), 0 Warning(s).
Load "C:\\Users\\MichaelPark\\Desktop\\UT\\4-1 Spring 2016\\EE 445L\\Labs\\EmbSysLab\\Lab8\\ESP8266_4C123\\ESP8266_4C123\\esp8266.axf" 
Connecting: Mode=JTAG, Speed=1000000Hz
Erase Done.
Programming Done.
Verify OK.
</pre>
</body>
</html>
rk\\Desktop\\UT\\4-1 Spring 2016\\EE 445L\\Labs\\EmbSysLab\\Lab8\\ESP8266_4C123\\ESP8266_4C123\\esp8266.axf" 
Connecting: Mode=JTAG, Speed=1000000Hz
Erase Done.
Programming Done.
Verify OK.
