<html>
<body>
<pre>
<h1>µVision Build Log</h1>
<h2>Project:</h2>
C:\Users\Jack\Documents\GitHub\445L\Lab 2\ADCSWTrigger.uvproj
Project File Date:  02/02/2016

<h2>Output:</h2>
Rebuild target 'ADCSWTrigger'
assembling startup.s...
compiling ADCSWTrigger.c...
compiling ADCTestMain.c...
ADCTestMain.c(136): warning:  #550-D: variable "jitter" was set but never used
        uint32_t jitter;
ADCTestMain.c(169): warning:  #167-D: argument of type "uint32_t (*)(const void *, const void *)" is incompatible with parameter of type "int (*)(const void *, const void *)"
                qsort(sortADC, 1000,sizeof(uint32_t),cmpfunc);
ADCTestMain.c: 2 warnings, 0 errors
compiling PLL.c...
compiling Timer1.c...
linking...
Program Size: Code=3408 RO-data=32 RW-data=16 ZI-data=9120  
".\ADCSWTrigger.axf" - 0 Error(s), 2 Warning(s).
tMain.c: 4 warnings, 0 errors
compiling PLL.c...
compiling Timer1.c...
linking...
Program Size: Code=3328 RO-data=32 RW-data=16 ZI-data=9120  
".\ADCSWTrigger.axf" - 0 Error(s), 4 Warning(s).
Load "C:\\Users\\Jack\\Documents\\GitHub\\445L\\Lab 2\\ADCSWTrigger.axf" 
Connecting: Mode=JTAG, Speed=1000000Hz
Erase Done.
Programming Done.
Verify OK.
ng Done.
Verify OK.
720 RO-data=32 RW-data=16 ZI-data=9120  
".\ADCSWTrigger.axf" - 0 Error(s), 6 Warning(s).
Load "C:\\Users\\Jack\\Documents\\GitHub\\445L\\Lab 2\\ADCSWTrigger.axf" 
Connecting: Mode=JTAG, Speed=1000000Hz
Erase Done.
Programming Done.
Verify OK.
d
