<html>
<body>
<pre>
<h1>µVision Build Log</h1>
<h2>Project:</h2>
C:\Users\Jack\Documents\GitHub\445L\Lab 2\ADCSWTrigger.uvproj
Project File Date:  02/02/2016

<h2>Output:</h2>
Rebuild target 'ADCSWTrigger'
assembling startup.s...
compiling ADCSWTrigger.c...
compiling ADCTestMain.c...
ADCTestMain.c(122): warning:  #550-D: variable "jitter" was set but never used
        uint32_t jitter;
ADCTestMain.c: 1 warning, 0 errors
compiling PLL.c...
compiling Timer1.c...
linking...
Program Size: Code=2028 RO-data=32 RW-data=16 ZI-data=9120  
".\ADCSWTrigger.axf" - 0 Error(s), 1 Warning(s).
Load "C:\\Users\\Jack\\Documents\\GitHub\\445L\\Lab 2\\ADCSWTrigger.axf" 
Connecting: Mode=JTAG, Speed=1000000Hz
Erase Done.
Programming Done.
Verify OK.
\Lab 2\\ADCSWTrigger.axf" 
Connecting: Mode=JTAG, Speed=1000000Hz
Erase Done.
Programming Done.
Verify OK.
axf" - 1 Error(s), 3 Warning(s).
Target not created
