<html>
<body>
<pre>
<h1>µVision Build Log</h1>
<h2>Project:</h2>
C:\Users\Jack\Documents\GitHub\EmbSysLab\Lab9\ADCPrintResults_4C123\ADCPrintResults.uvproj
Project File Date:  04/11/2016

<h2>Output:</h2>
Rebuild target 'ADCPrintResults'
assembling startup.s...
compiling UART.c...
compiling main.c...
compiling ADCSWTrigger.c...
compiling PLL.c...
compiling ST7735.c...
compiling Timer1.c...
linking...
Program Size: Code=7464 RO-data=2264 RW-data=56 ZI-data=1136  
".\ADCPrintResults.axf" - 0 Error(s), 0 Warning(s).
</pre>
</body>
</html>
a=56 ZI-data=1136  
".\ADCPrintResults.axf" - 0 Error(s), 1 Warning(s).
has already been initialized
  uint16_t const TempTable[53]={4000,4000,3940,3880,3820,3760,3700,3640,3600,3550,3510,         
main.c: 1 warning, 2 errors
compiling ADCSWTrigger.c...
compiling PLL.c...
compiling ST7735.c...
compiling Timer1.c...
".\ADCPrintResults.axf" - 2 Error(s), 1 Warning(s).
Target not created
 file "../inc/tm4c123gh6pm.h": No such file or directory
  #include "../inc/tm4c123gh6pm.h"
ST7735.c: 0 warnings, 1 error
compiling Timer1.c...
Timer1.c(24): error:  #5: cannot open source input file "../inc/tm4c123gh6pm.h": No such file or directory
  #include "../inc/tm4c123gh6pm.h"
Timer1.c: 0 warnings, 1 error
".\ADCPrintResults.axf" - 5 Error(s), 0 Warning(s).
Target not created
