<html>
<body>
<pre>
<h1>µVision Build Log</h1>
<h2>Project:</h2>
C:\Users\Jack\Documents\UT2016\EE445L\Lab9\ADCPrintResults_4C123\ADCPrintResults.uvproj
Project File Date:  04/11/2016

<h2>Output:</h2>
Rebuild target 'ADCPrintResults'
assembling startup.s...
compiling UART.c...
compiling main.c...
compiling ADCSWTrigger.c...
compiling PLL.c...
compiling ST7735.c...
compiling Timer1.c...
linking...
Program Size: Code=7464 RO-data=2264 RW-data=56 ZI-data=1136  
".\ADCPrintResults.axf" - 0 Error(s), 0 Warning(s).
nings, 0 errors
compiling ADCSWTrigger.c...
compiling PLL.c...
compiling ST7735.c...
compiling Timer1.c...
linking...
Program Size: Code=1916 RO-data=32 RW-data=12 ZI-data=1524  
".\ADCPrintResults.axf" - 0 Error(s), 2 Warning(s).
Load "C:\\Users\\Jack\\Documents\\UT2016\\EE445L\\Lab9\\ADCPrintResults_4C123\\ADCPrintResults.axf" 
Connecting: Mode=JTAG, Speed=1000000Hz
Erase Done.
Programming Done.
Verify OK.
ng: Mode=JTAG, Speed=1000000Hz
Erase Done.
Programming Done.
Verify OK.
