<html>
<body>
<pre>
<h1>µVision Build Log</h1>
<h2>Project:</h2>
C:\Users\MichaelPark\Desktop\UT\4-1 Spring 2016\EE 445L\Labs\EmbSysLab\Lab9\ADCPrintResults.uvproj
Project File Date:  03/26/2016

<h2>Output:</h2>
Rebuild target 'ADCPrintResults'
assembling startup.s...
compiling UART.c...
compiling main.c...
compiling ADCSWTrigger.c...
compiling PLL.c...
linking...
Program Size: Code=1632 RO-data=16 RW-data=0 ZI-data=1120  
".\ADCPrintResults.axf" - 0 Error(s), 0 Warning(s).
4c123gh6pm.h"
PLL.c: 0 warnings, 1 error
".\ADCPrintResults.axf" - 1 Error(s), 0 Warning(s).
Target not created
