ARM Linker, 5.03 [Build 76] [MDK-ARM Lite]

==============================================================================

Section Cross References

    startup.o(RESET) refers to startup.o(STACK) for StackMem
    startup.o(RESET) refers to main.o(i.SysTick_Handler) for SysTick_Handler
    startup.o(RESET) refers to switch.o(i.GPIOPortD_Handler) for GPIOPortD_Handler
    startup.o(RESET) refers to uart.o(i.UART0_Handler) for UART0_Handler
    startup.o(RESET) refers to esp8266.o(i.UART1_Handler) for UART1_Handler
    startup.o(RESET) refers to timer0a.o(i.Timer0A_Handler) for Timer0A_Handler
    startup.o(RESET) refers to timer1.o(i.Timer1A_Handler) for Timer1A_Handler
    startup.o(RESET) refers to entry.o(.ARM.Collect$$$$00000000) for __main
    st7735.o(i.Output_Clear) refers to st7735.o(i.ST7735_FillScreen) for ST7735_FillScreen
    st7735.o(i.Output_Color) refers to st7735.o(i.ST7735_SetTextColor) for ST7735_SetTextColor
    st7735.o(i.Output_Init) refers to st7735.o(i.ST7735_InitR) for ST7735_InitR
    st7735.o(i.Output_Init) refers to st7735.o(i.ST7735_FillScreen) for ST7735_FillScreen
    st7735.o(i.Output_Off) refers to st7735.o(i.Output_Clear) for Output_Clear
    st7735.o(i.Output_On) refers to st7735.o(i.Output_Init) for Output_Init
    st7735.o(i.ST7735_DrawBitmap) refers to st7735.o(i.setAddrWindow) for setAddrWindow
    st7735.o(i.ST7735_DrawBitmap) refers to st7735.o(i.writedata) for writedata
    st7735.o(i.ST7735_DrawBitmap) refers to st7735.o(.data) for _width
    st7735.o(i.ST7735_DrawChar) refers to st7735.o(i.setAddrWindow) for setAddrWindow
    st7735.o(i.ST7735_DrawChar) refers to st7735.o(i.pushColor) for pushColor
    st7735.o(i.ST7735_DrawChar) refers to st7735.o(.data) for _width
    st7735.o(i.ST7735_DrawChar) refers to st7735.o(.constdata) for Font
    st7735.o(i.ST7735_DrawCharS) refers to st7735.o(i.ST7735_DrawPixel) for ST7735_DrawPixel
    st7735.o(i.ST7735_DrawCharS) refers to st7735.o(i.ST7735_FillRect) for ST7735_FillRect
    st7735.o(i.ST7735_DrawCharS) refers to st7735.o(.data) for _width
    st7735.o(i.ST7735_DrawCharS) refers to st7735.o(.constdata) for Font
    st7735.o(i.ST7735_DrawCircle) refers to st7735.o(i.ST7735_DrawPixel) for ST7735_DrawPixel
    st7735.o(i.ST7735_DrawFastHLine) refers to st7735.o(i.setAddrWindow) for setAddrWindow
    st7735.o(i.ST7735_DrawFastHLine) refers to st7735.o(i.writedata) for writedata
    st7735.o(i.ST7735_DrawFastHLine) refers to st7735.o(.data) for _width
    st7735.o(i.ST7735_DrawFastVLine) refers to st7735.o(i.setAddrWindow) for setAddrWindow
    st7735.o(i.ST7735_DrawFastVLine) refers to st7735.o(i.writedata) for writedata
    st7735.o(i.ST7735_DrawFastVLine) refers to st7735.o(.data) for _width
    st7735.o(i.ST7735_DrawPixel) refers to st7735.o(i.setAddrWindow) for setAddrWindow
    st7735.o(i.ST7735_DrawPixel) refers to st7735.o(i.pushColor) for pushColor
    st7735.o(i.ST7735_DrawPixel) refers to st7735.o(.data) for _width
    st7735.o(i.ST7735_DrawString) refers to st7735.o(i.ST7735_DrawCharS) for ST7735_DrawCharS
    st7735.o(i.ST7735_FillRect) refers to st7735.o(i.setAddrWindow) for setAddrWindow
    st7735.o(i.ST7735_FillRect) refers to st7735.o(i.writedata) for writedata
    st7735.o(i.ST7735_FillRect) refers to st7735.o(.data) for _width
    st7735.o(i.ST7735_FillScreen) refers to st7735.o(i.ST7735_FillRect) for ST7735_FillRect
    st7735.o(i.ST7735_FillScreen) refers to st7735.o(.data) for _height
    st7735.o(i.ST7735_InitB) refers to st7735.o(i.commonInit) for commonInit
    st7735.o(i.ST7735_InitB) refers to st7735.o(i.ST7735_SetCursor) for ST7735_SetCursor
    st7735.o(i.ST7735_InitB) refers to st7735.o(i.ST7735_FillScreen) for ST7735_FillScreen
    st7735.o(i.ST7735_InitB) refers to st7735.o(.constdata) for Bcmd
    st7735.o(i.ST7735_InitB) refers to st7735.o(.data) for StTextColor
    st7735.o(i.ST7735_InitR) refers to st7735.o(i.commonInit) for commonInit
    st7735.o(i.ST7735_InitR) refers to st7735.o(i.commandList) for commandList
    st7735.o(i.ST7735_InitR) refers to st7735.o(i.writecommand) for writecommand
    st7735.o(i.ST7735_InitR) refers to st7735.o(i.writedata) for writedata
    st7735.o(i.ST7735_InitR) refers to st7735.o(i.ST7735_SetCursor) for ST7735_SetCursor
    st7735.o(i.ST7735_InitR) refers to st7735.o(i.ST7735_FillScreen) for ST7735_FillScreen
    st7735.o(i.ST7735_InitR) refers to st7735.o(.constdata) for Rcmd1
    st7735.o(i.ST7735_InitR) refers to st7735.o(.data) for ColStart
    st7735.o(i.ST7735_InvertDisplay) refers to st7735.o(i.writecommand) for writecommand
    st7735.o(i.ST7735_Line) refers to st7735.o(i.ST7735_DrawPixel) for ST7735_DrawPixel
    st7735.o(i.ST7735_OutChar) refers to st7735.o(i.ST7735_DrawString) for ST7735_DrawString
    st7735.o(i.ST7735_OutChar) refers to st7735.o(i.ST7735_DrawCharS) for ST7735_DrawCharS
    st7735.o(i.ST7735_OutChar) refers to st7735.o(.data) for StY
    st7735.o(i.ST7735_OutString) refers to st7735.o(i.ST7735_OutChar) for ST7735_OutChar
[...]
    printf0.o(i.__0fprintf$0) refers to st7735.o(i.fputc) for fputc
    printf0.o(i.__0printf$0) refers to printf0.o(i._printf_core) for _printf_core
    printf0.o(i.__0printf$0) refers to st7735.o(i.fputc) for fputc
    printf0.o(i.__0printf$0) refers to stdout.o(.data) for __stdout
    printf0.o(i.__0snprintf$0) refers to printf0.o(i._printf_core) for _printf_core
    printf0.o(i.__0snprintf$0) refers to printf0.o(i._snputc) for _snputc
    printf0.o(i.__0sprintf$0) refers to printf0.o(i._printf_core) for _printf_core
    printf0.o(i.__0sprintf$0) refers to printf0.o(i._sputc) for _sputc
    printf0.o(i.__0vfprintf$0) refers to printf0.o(i._printf_core) for _printf_core
    printf0.o(i.__0vfprintf$0) refers to st7735.o(i.fputc) for fputc
    printf0.o(i.__0vprintf$0) refers to printf0.o(i._printf_core) for _printf_core
    printf0.o(i.__0vprintf$0) refers to st7735.o(i.fputc) for fputc
    printf0.o(i.__0vprintf$0) refers to stdout.o(.data) for __stdout
    printf0.o(i.__0vsnprintf$0) refers to printf0.o(i._printf_core) for _printf_core
    printf0.o(i.__0vsnprintf$0) refers to printf0.o(i._snputc) for _snputc
    printf0.o(i.__0vsprintf$0) refers to printf0.o(i._printf_core) for _printf_core
    printf0.o(i.__0vsprintf$0) refers to printf0.o(i._sputc) for _sputc
    printf1.o(i.__0fprintf$1) refers to printf1.o(i._printf_core) for _printf_core
    printf1.o(i.__0fprintf$1) refers to st7735.o(i.fputc) for fputc
    printf1.o(i.__0printf$1) refers to printf1.o(i._printf_core) for _printf_core
    printf1.o(i.__0printf$1) refers to st7735.o(i.fputc) for fputc
    printf1.o(i.__0printf$1) refers to stdout.o(.data) for __stdout
    printf1.o(i.__0snprintf$1) refers to printf1.o(i._printf_core) for _printf_core
    printf1.o(i.__0snprintf$1) refers to printf1.o(i._snputc) for _snputc
    printf1.o(i.__0sprintf$1) refers to printf1.o(i._printf_core) for _printf_core
    printf1.o(i.__0sprintf$1) refers to printf1.o(i._sputc) for _sputc
    printf1.o(i.__0vfprintf$1) refers to printf1.o(i._printf_core) for _printf_core
    printf1.o(i.__0vfprintf$1) refers to st7735.o(i.fputc) for fputc
    printf1.o(i.__0vprintf$1) refers to printf1.o(i._printf_core) for _printf_core
    printf1.o(i.__0vprintf$1) refers to st7735.o(i.fputc) for fputc
    printf1.o(i.__0vprintf$1) refers to stdout.o(.data) for __stdout
    printf1.o(i.__0vsnprintf$1) refers to printf1.o(i._printf_core) for _printf_core
    printf1.o(i.__0vsnprintf$1) refers to printf1.o(i._snputc) for _snputc
    printf1.o(i.__0vsprintf$1) refers to printf1.o(i._printf_core) for _printf_core
    printf1.o(i.__0vsprintf$1) refers to printf1.o(i._sputc) for _sputc
    printf1.o(i._printf_core) refers to uidiv.o(.text) for __aeabi_uidivmod
    printf2.o(i.__0fprintf$2) refers to printf2.o(i._printf_core) for _printf_core
    printf2.o(i.__0fprintf$2) refers to st7735.o(i.fputc) for fputc
    printf2.o(i.__0printf$2) refers to printf2.o(i._printf_core) for _printf_core
    printf2.o(i.__0printf$2) refers to st7735.o(i.fputc) for fputc
    printf2.o(i.__0printf$2) refers to stdout.o(.data) for __stdout
    printf2.o(i.__0snprintf$2) refers to printf2.o(i._printf_core) for _printf_core
    printf2.o(i.__0snprintf$2) refers to printf2.o(i._snputc) for _snputc
    printf2.o(i.__0sprintf$2) refers to printf2.o(i._printf_core) for _printf_core
    printf2.o(i.__0sprintf$2) refers to printf2.o(i._sputc) for _sputc
    printf2.o(i.__0vfprintf$2) refers to printf2.o(i._printf_core) for _printf_core
    printf2.o(i.__0vfprintf$2) refers to st7735.o(i.fputc) for fputc
    printf2.o(i.__0vprintf$2) refers to printf2.o(i._printf_core) for _printf_core
    printf2.o(i.__0vprintf$2) refers to st7735.o(i.fputc) for fputc
    printf2.o(i.__0vprintf$2) refers to stdout.o(.data) for __stdout
    printf2.o(i.__0vsnprintf$2) refers to printf2.o(i._printf_core) for _printf_core
    printf2.o(i.__0vsnprintf$2) refers to printf2.o(i._snputc) for _snputc
    printf2.o(i.__0vsprintf$2) refers to printf2.o(i._printf_core) for _printf_core
    printf2.o(i.__0vsprintf$2) refers to printf2.o(i._sputc) for _sputc
    printf3.o(i.__0fprintf$3) refers to printf3.o(i._printf_core) for _printf_core
    printf3.o(i.__0fprintf$3) refers to st7735.o(i.fputc) for fputc
    printf3.o(i.__0printf$3) refers to printf3.o(i._printf_core) for _printf_core
    printf3.o(i.__0printf$3) refers to st7735.o(i.fputc) for fputc
    printf3.o(i.__0printf$3) refers to stdout.o(.data) for __stdout
    printf3.o(i.__0snprintf$3) refers to printf3.o(i._printf_core) for _printf_core
    printf3.o(i.__0snprintf$3) refers to printf3.o(i._snputc) for _snputc
    printf3.o(i.__0sprintf$3) refers to printf3.o(i._printf_core) for _printf_core
    printf3.o(i.__0sprintf$3) refers to printf3.o(i._sputc) for _sputc
    printf3.o(i.__0vfprintf$3) refers to printf3.o(i._printf_core) for _printf_core
    printf3.o(i.__0vfprintf$3) refers to st7735.o(i.fputc) for fputc
    printf3.o(i.__0vprintf$3) refers to printf3.o(i._printf_core) for _printf_core
    printf3.o(i.__0vprintf$3) refers to st7735.o(i.fputc) for fputc
    printf3.o(i.__0vprintf$3) refers to stdout.o(.data) for __stdout
    printf3.o(i.__0vsnprintf$3) refers to printf3.o(i._printf_core) for _printf_core
    printf3.o(i.__0vsnprintf$3) refers to printf3.o(i._snputc) for _snputc
    printf3.o(i.__0vsprintf$3) refers to printf3.o(i._printf_core) for _printf_core
    printf3.o(i.__0vsprintf$3) refers to printf3.o(i._sputc) for _sputc
    printf3.o(i._printf_core) refers to uidiv.o(.text) for __aeabi_uidivmod
    printf4.o(i.__0fprintf$4) refers to printf4.o(i._printf_core) for _printf_core
    printf4.o(i.__0fprintf$4) refers to st7735.o(i.fputc) for fputc
    printf4.o(i.__0printf$4) refers to printf4.o(i._printf_core) for _printf_core
    printf4.o(i.__0printf$4) refers to st7735.o(i.fputc) for fputc
    printf4.o(i.__0printf$4) refers to stdout.o(.data) for __stdout
    printf4.o(i.__0snprintf$4) refers to printf4.o(i._printf_core) for _printf_core
    printf4.o(i.__0snprintf$4) refers to printf4.o(i._snputc) for _snputc
    printf4.o(i.__0sprintf$4) refers to printf4.o(i._printf_core) for _printf_core
    printf4.o(i.__0sprintf$4) refers to printf4.o(i._sputc) for _sputc
    printf4.o(i.__0vfprintf$4) refers to printf4.o(i._printf_core) for _printf_core
    printf4.o(i.__0vfprintf$4) refers to st7735.o(i.fputc) for fputc
    printf4.o(i.__0vprintf$4) refers to printf4.o(i._printf_core) for _printf_core
    printf4.o(i.__0vprintf$4) refers to st7735.o(i.fputc) for fputc
    printf4.o(i.__0vprintf$4) refers to stdout.o(.data) for __stdout
    printf4.o(i.__0vsnprintf$4) refers to printf4.o(i._printf_core) for _printf_core
    printf4.o(i.__0vsnprintf$4) refers to printf4.o(i._snputc) for _snputc
    printf4.o(i.__0vsprintf$4) refers to printf4.o(i._printf_core) for _printf_core
    printf4.o(i.__0vsprintf$4) refers to printf4.o(i._sputc) for _sputc
    printf4.o(i._printf_core) refers to uldiv.o(.text) for __aeabi_uldivmod
    printf5.o(i.__0fprintf$5) refers to printf5.o(i._printf_core) for _printf_core
    printf5.o(i.__0fprintf$5) refers to st7735.o(i.fputc) for fputc
    printf5.o(i.__0printf$5) refers to printf5.o(i._printf_core) for _printf_core
    printf5.o(i.__0printf$5) refers to st7735.o(i.fputc) for fputc
    printf5.o(i.__0printf$5) refers to stdout.o(.data) for __stdout
    printf5.o(i.__0snprintf$5) refers to printf5.o(i._printf_core) for _printf_core
    printf5.o(i.__0snprintf$5) refers to printf5.o(i._snputc) for _snputc
    printf5.o(i.__0sprintf$5) refers to printf5.o(i._printf_core) for _printf_core
    printf5.o(i.__0sprintf$5) refers to printf5.o(i._sputc) for _sputc
    printf5.o(i.__0vfprintf$5) refers to printf5.o(i._printf_core) for _printf_core
    printf5.o(i.__0vfprintf$5) refers to st7735.o(i.fputc) for fputc
    printf5.o(i.__0vprintf$5) refers to printf5.o(i._printf_core) for _printf_core
    printf5.o(i.__0vprintf$5) refers to st7735.o(i.fputc) for fputc
    printf5.o(i.__0vprintf$5) refers to stdout.o(.data) for __stdout
    printf5.o(i.__0vsnprintf$5) refers to printf5.o(i._printf_core) for _printf_core
    printf5.o(i.__0vsnprintf$5) refers to printf5.o(i._snputc) for _snputc
    printf5.o(i.__0vsprintf$5) refers to printf5.o(i._printf_core) for _printf_core
    printf5.o(i.__0vsprintf$5) refers to printf5.o(i._sputc) for _sputc
    printf5.o(i._printf_core) refers to uldiv.o(.text) for __aeabi_uldivmod
    printf6.o(i.__0fprintf$6) refers to printf6.o(i._printf_core) for _printf_core
    printf6.o(i.__0fprintf$6) refers to st7735.o(i.fputc) for fputc
    printf6.o(i.__0printf$6) refers to printf6.o(i._printf_core) for _printf_core
    printf6.o(i.__0printf$6) refers to st7735.o(i.fputc) for fputc
    printf6.o(i.__0printf$6) refers to stdout.o(.data) for __stdout
    printf6.o(i.__0snprintf$6) refers to printf6.o(i._printf_core) for _printf_core
    printf6.o(i.__0snprintf$6) refers to printf6.o(i._snputc) for _snputc
    printf6.o(i.__0sprintf$6) refers to printf6.o(i._printf_core) for _printf_core
    printf6.o(i.__0sprintf$6) refers to printf6.o(i._sputc) for _sputc
    printf6.o(i.__0vfprintf$6) refers to printf6.o(i._printf_core) for _printf_core
    printf6.o(i.__0vfprintf$6) refers to st7735.o(i.fputc) for fputc
    printf6.o(i.__0vprintf$6) refers to printf6.o(i._printf_core) for _printf_core
    printf6.o(i.__0vprintf$6) refers to st7735.o(i.fputc) for fputc
    printf6.o(i.__0vprintf$6) refers to stdout.o(.data) for __stdout
    printf6.o(i.__0vsnprintf$6) refers to printf6.o(i._printf_core) for _printf_core
    printf6.o(i.__0vsnprintf$6) refers to printf6.o(i._snputc) for _snputc
    printf6.o(i.__0vsprintf$6) refers to printf6.o(i._printf_core) for _printf_core
    printf6.o(i.__0vsprintf$6) refers to printf6.o(i._sputc) for _sputc
    printf6.o(i._printf_core) refers to printf6.o(i._printf_pre_padding) for _printf_pre_padding
    printf6.o(i._printf_core) refers to uidiv.o(.text) for __aeabi_uidivmod
    printf6.o(i._printf_core) refers to printf6.o(i._printf_post_padding) for _printf_post_padding
    printf7.o(i.__0fprintf$7) refers to printf7.o(i._printf_core) for _printf_core
    printf7.o(i.__0fprintf$7) refers to st7735.o(i.fputc) for fputc
    printf7.o(i.__0printf$7) refers to printf7.o(i._printf_core) for _printf_core
    printf7.o(i.__0printf$7) refers to st7735.o(i.fputc) for fputc
    printf7.o(i.__0printf$7) refers to stdout.o(.data) for __stdout
    printf7.o(i.__0snprintf$7) refers to printf7.o(i._printf_core) for _printf_core
    printf7.o(i.__0snprintf$7) refers to printf7.o(i._snputc) for _snputc
    printf7.o(i.__0sprintf$7) refers to printf7.o(i._printf_core) for _printf_core
    printf7.o(i.__0sprintf$7) refers to printf7.o(i._sputc) for _sputc
    printf7.o(i.__0vfprintf$7) refers to printf7.o(i._printf_core) for _printf_core
    printf7.o(i.__0vfprintf$7) refers to st7735.o(i.fputc) for fputc
    printf7.o(i.__0vprintf$7) refers to printf7.o(i._printf_core) for _printf_core
    printf7.o(i.__0vprintf$7) refers to st7735.o(i.fputc) for fputc
    printf7.o(i.__0vprintf$7) refers to stdout.o(.data) for __stdout
    printf7.o(i.__0vsnprintf$7) refers to printf7.o(i._printf_core) for _printf_core
    printf7.o(i.__0vsnprintf$7) refers to printf7.o(i._snputc) for _snputc
    printf7.o(i.__0vsprintf$7) refers to printf7.o(i._printf_core) for _printf_core
    printf7.o(i.__0vsprintf$7) refers to printf7.o(i._sputc) for _sputc
    printf7.o(i._printf_core) refers to printf7.o(i._printf_pre_padding) for _printf_pre_padding
    printf7.o(i._printf_core) refers to uldiv.o(.text) for __aeabi_uldivmod
    printf7.o(i._printf_core) refers to printf7.o(i._printf_post_padding) for _printf_post_padding
    printf8.o(i.__0fprintf$8) refers to printf8.o(i._printf_core) for _printf_core
    printf8.o(i.__0fprintf$8) refers to st7735.o(i.fputc) for fputc
    printf8.o(i.__0printf$8) refers to printf8.o(i._printf_core) for _printf_core
    printf8.o(i.__0printf$8) refers to st7735.o(i.fputc) for fputc
    printf8.o(i.__0printf$8) refers to stdout.o(.data) for __stdout
    printf8.o(i.__0snprintf$8) refers to printf8.o(i._printf_core) for _printf_core
    printf8.o(i.__0snprintf$8) refers to printf8.o(i._snputc) for _snputc
    printf8.o(i.__0sprintf$8) refers to printf8.o(i._printf_core) for _printf_core
    printf8.o(i.__0sprintf$8) refers to printf8.o(i._sputc) for _sputc
    printf8.o(i.__0vfprintf$8) refers to printf8.o(i._printf_core) for _printf_core
    printf8.o(i.__0vfprintf$8) refers to st7735.o(i.fputc) for fputc
    printf8.o(i.__0vprintf$8) refers to printf8.o(i._printf_core) for _printf_core
    printf8.o(i.__0vprintf$8) refers to st7735.o(i.fputc) for fputc
    printf8.o(i.__0vprintf$8) refers to stdout.o(.data) for __stdout
    printf8.o(i.__0vsnprintf$8) refers to printf8.o(i._printf_core) for _printf_core
    printf8.o(i.__0vsnprintf$8) refers to printf8.o(i._snputc) for _snputc
    printf8.o(i.__0vsprintf$8) refers to printf8.o(i._printf_core) for _printf_core
    printf8.o(i.__0vsprintf$8) refers to printf8.o(i._sputc) for _sputc
    printf8.o(i._printf_core) refers to printf8.o(i._printf_pre_padding) for _printf_pre_padding
    printf8.o(i._printf_core) refers to uldiv.o(.text) for __aeabi_uldivmod
    printf8.o(i._printf_core) refers to printf8.o(i._printf_post_padding) for _printf_post_padding
    printfa.o(i.__0fprintf) refers (Special) to iusefp.o(.text) for __I$use$fp
    printfa.o(i.__0fprintf) refers to printfa.o(i._printf_core) for _printf_core
    printfa.o(i.__0fprintf) refers to st7735.o(i.fputc) for fputc
    printfa.o(i.__0printf) refers (Special) to iusefp.o(.text) for __I$use$fp
    printfa.o(i.__0printf) refers to printfa.o(i._printf_core) for _printf_core
    printfa.o(i.__0printf) refers to st7735.o(i.fputc) for fputc
    printfa.o(i.__0printf) refers to stdout.o(.data) for __stdout
    printfa.o(i.__0snprintf) refers (Special) to iusefp.o(.text) for __I$use$fp
    printfa.o(i.__0snprintf) refers to printfa.o(i._printf_core) for _printf_core
    printfa.o(i.__0snprintf) refers to printfa.o(i._snputc) for _snputc
    printfa.o(i.__0sprintf) refers (Special) to iusefp.o(.text) for __I$use$fp
    printfa.o(i.__0sprintf) refers to printfa.o(i._printf_core) for _printf_core
    printfa.o(i.__0sprintf) refers to printfa.o(i._sputc) for _sputc
    printfa.o(i.__0vfprintf) refers (Special) to iusefp.o(.text) for __I$use$fp
    printfa.o(i.__0vfprintf) refers to printfa.o(i._printf_core) for _printf_core
    printfa.o(i.__0vfprintf) refers to st7735.o(i.fputc) for fputc
    printfa.o(i.__0vprintf) refers (Special) to iusefp.o(.text) for __I$use$fp
    printfa.o(i.__0vprintf) refers to printfa.o(i._printf_core) for _printf_core
    printfa.o(i.__0vprintf) refers to st7735.o(i.fputc) for fputc
    printfa.o(i.__0vprintf) refers to stdout.o(.data) for __stdout
    printfa.o(i.__0vsnprintf) refers (Special) to iusefp.o(.text) for __I$use$fp
    printfa.o(i.__0vsnprintf) refers to printfa.o(i._printf_core) for _printf_core
    printfa.o(i.__0vsnprintf) refers to printfa.o(i._snputc) for _snputc
    printfa.o(i.__0vsprintf) refers (Special) to iusefp.o(.text) for __I$use$fp
    printfa.o(i.__0vsprintf) refers to printfa.o(i._printf_core) for _printf_core
    printfa.o(i.__0vsprintf) refers to printfa.o(i._sputc) for _sputc
    printfa.o(i._fp_digits) refers (Special) to iusefp.o(.text) for __I$use$fp
    printfa.o(i._fp_digits) refers to dmul.o(.text) for __aeabi_dmul
    printfa.o(i._fp_digits) refers to ddiv.o(.text) for __aeabi_ddiv
    printfa.o(i._fp_digits) refers to cdrcmple.o(.text) for __aeabi_cdrcmple
    printfa.o(i._fp_digits) refers to dadd.o(.text) for __aeabi_dadd
    printfa.o(i._fp_digits) refers to dfixul.o(.text) for __aeabi_d2ulz
    printfa.o(i._fp_digits) refers to uldiv.o(.text) for __aeabi_uldivmod
    printfa.o(i._printf_core) refers (Special) to iusefp.o(.text) for __I$use$fp
    printfa.o(i._printf_core) refers to printfa.o(i._printf_pre_padding) for _printf_pre_padding
    printfa.o(i._printf_core) refers to uldiv.o(.text) for __aeabi_uldivmod
    printfa.o(i._printf_core) refers to printfa.o(i._printf_post_padding) for _printf_post_padding
    printfa.o(i._printf_core) refers to printfa.o(i._fp_digits) for _fp_digits
    printfa.o(i._printf_core) refers to uidiv.o(.text) for __aeabi_uidivmod
    printfa.o(i._printf_post_padding) refers (Special) to iusefp.o(.text) for __I$use$fp
    printfa.o(i._printf_pre_padding) refers (Special) to iusefp.o(.text) for __I$use$fp
    printfa.o(i._snputc) refers (Special) to iusefp.o(.text) for __I$use$fp
    printfa.o(i._sputc) refers (Special) to iusefp.o(.text) for __I$use$fp
    entry2.o(.ARM.Collect$$$$00000001) refers to entry2.o(.ARM.Collect$$$$00002712) for __lit__00000000
    entry2.o(.ARM.Collect$$$$00002712) refers to startup.o(STACK) for __initial_sp
    entry2.o(__vectab_stack_and_reset_area) refers to startup.o(STACK) for __initial_sp
    entry2.o(__vectab_stack_and_reset_area) refers to entry.o(.ARM.Collect$$$$00000000) for __main
    entry5.o(.ARM.Collect$$$$00000004) refers to init.o(.text) for __scatterload
    entry9a.o(.ARM.Collect$$$$0000000B) refers to main.o(i.main) for main
    entry9b.o(.ARM.Collect$$$$0000000C) refers to main.o(i.main) for main
    uldiv.o(.text) refers to llushr.o(.text) for __aeabi_llsr
    uldiv.o(.text) refers to llshl.o(.text) for __aeabi_llsl
    dadd.o(.text) refers to llshl.o(.text) for __aeabi_llsl
    dadd.o(.text) refers to llsshr.o(.text) for __aeabi_lasr
    dadd.o(.text) refers to depilogue.o(.text) for _double_epilogue
    dmul.o(.text) refers to depilogue.o(.text) for _double_epilogue
    ddiv.o(.text) refers to depilogue.o(.text) for _double_round
    dfixul.o(.text) refers to llushr.o(.text) for __aeabi_llsr
    dfixul.o(.text) refers to llshl.o(.text) for __aeabi_llsl
    init.o(.text) refers to entry5.o(.ARM.Collect$$$$00000004) for __main_after_scatterload
    depilogue.o(.text) refers to llshl.o(.text) for __aeabi_llsl
    depilogue.o(.text) refers to llushr.o(.text) for __aeabi_llsr


==============================================================================

Removing Unused input sections from the image.

    Removing startup.o(HEAP), (0 bytes).
    Removing st7735.o(i.Output_Color), (12 bytes).
    Removing st7735.o(i.Output_Off), (8 bytes).
    Removing st7735.o(i.Output_On), (8 bytes).
    Removing st7735.o(i.ST7735_Color565), (24 bytes).
    Removing st7735.o(i.ST7735_DrawBitmap), (288 bytes).
    Removing st7735.o(i.ST7735_DrawChar), (268 bytes).
    Removing st7735.o(i.ST7735_DrawCircle), (260 bytes).
    Removing st7735.o(i.ST7735_DrawFastHLine), (124 bytes).
    Removing st7735.o(i.ST7735_DrawFastVLine), (124 bytes).
    Removing st7735.o(i.ST7735_InitB), (40 bytes).
    Removing st7735.o(i.ST7735_InvertDisplay), (22 bytes).
    Removing st7735.o(i.ST7735_PlotBar), (88 bytes).
    Removing st7735.o(i.ST7735_PlotClear), (92 bytes).
    Removing st7735.o(i.ST7735_PlotLine), (264 bytes).
    Removing st7735.o(i.ST7735_PlotNext), (32 bytes).
    Removing st7735.o(i.ST7735_PlotNextErase), (64 bytes).
    Removing st7735.o(i.ST7735_PlotPoint), (152 bytes).
    Removing st7735.o(i.ST7735_PlotPoints), (172 bytes).
    Removing st7735.o(i.ST7735_PlotdBfs), (60 bytes).
    Removing st7735.o(i.ST7735_SetRotation), (212 bytes).
    Removing st7735.o(i.ST7735_SetTextColor), (12 bytes).
    Removing st7735.o(i.ST7735_SwapColor), (18 bytes).
    Removing st7735.o(i.ferror), (8 bytes).
    Removing st7735.o(i.fgetc), (6 bytes).
    Removing switch.o(i.Switch_WaitForTouch), (44 bytes).
    Removing settime.o(i.decrementHour), (56 bytes).
    Removing setalarm.o(i.decrementAlarmHour), (48 bytes).
    Removing systickints.o(i.SysTick_Init), (64 bytes).
    Removing systickints.o(i.SysTick_Wait10ms), (28 bytes).
    Removing display.o(i.Convert_StringToInteger), (6 bytes).
    Removing display.o(i.DelayWait10ms), (32 bytes).
    Removing display.o(i.DisplayAlarm), (248 bytes).
    Removing display.o(i.DisplaySetTime), (248 bytes).
    Removing main.o(i.MainMenu), (156 bytes).
    Removing main.o(i.PortF_Init), (88 bytes).
    Removing led.o(i.LED_BlueToggle), (20 bytes).
    Removing led.o(i.LED_GreenToggle), (20 bytes).
    Removing led.o(i.LED_RedOff), (12 bytes).
    Removing led.o(i.LED_RedOn), (12 bytes).
    Removing esp8266.o(i.ESP8266ProcessInput), (148 bytes).
    Removing esp8266.o(i.ESP8266_ConfigureAccessPoint), (120 bytes).
    Removing esp8266.o(i.ESP8266_DisableRXInterrupt), (12 bytes).
    Removing esp8266.o(i.ESP8266_DisableServer), (96 bytes).
    Removing esp8266.o(i.ESP8266_EnableServer), (56 bytes).
    Removing esp8266.o(i.ESP8266_QuitAccessPoint), (68 bytes).
    Removing esp8266.o(i.ESP8266_SetServerTimeout), (52 bytes).
    Removing esp8266.o(i.HTTP_ServePage), (140 bytes).
    Removing esp8266.o(.constdata), (323 bytes).
    Removing uart.o(i.Output_Init2), (8 bytes).
    Removing uart.o(i.RxFifo_Get), (60 bytes).
    Removing uart.o(i.RxFifo_Init), (36 bytes).
    Removing uart.o(i.TxFifo_Init), (36 bytes).
    Removing uart.o(i.UART_InChar), (20 bytes).
    Removing uart.o(i.UART_InCharNonBlock), (20 bytes).
    Removing uart.o(i.UART_InString), (70 bytes).
    Removing uart.o(i.UART_InUDec), (76 bytes).
    Removing uart.o(i.UART_InUHex), (108 bytes).
    Removing uart.o(i.UART_Init), (200 bytes).
    Removing uart.o(i.UART_OutChar), (52 bytes).
    Removing uart.o(i.UART_OutString), (24 bytes).
    Removing uart.o(i.UART_OutUDec), (42 bytes).
    Removing uart.o(i.UART_OutUHex), (52 bytes).
    Removing uart.o(i.fputc2), (16 bytes).
    Removing dadd.o(.text), (334 bytes).
    Removing dmul.o(.text), (228 bytes).
    Removing ddiv.o(.text), (222 bytes).
    Removing dfixul.o(.text), (48 bytes).
    Removing cdrcmple.o(.text), (40 bytes).
    Removing depilogue.o(.text), (190 bytes).

70 unused section(s) (total 6337 bytes) removed from the image.

==============================================================================

Image Symbol Table

    Local Symbols

    Symbol Name                              Value     Ov Type        Size  Object(Section)

    RESET                                    0x00000000   Section      644  startup.o(RESET)
    ../clib/../cmprslib/zerorunl2.c          0x00000000   Number         0  __dczerorl2.o ABSOLUTE
    ../clib/microlib/division.c              0x00000000   Number         0  uldiv.o ABSOLUTE
    ../clib/microlib/division.c              0x00000000   Number         0  uidiv.o ABSOLUTE
    ../clib/microlib/init/entry.s            0x00000000   Number         0  entry.o ABSOLUTE
    ../clib/microlib/init/entry.s            0x00000000   Number         0  entry8b.o ABSOLUTE
    ../clib/microlib/init/entry.s            0x00000000   Number         0  entry9b.o ABSOLUTE
    ../clib/microlib/init/entry.s            0x00000000   Number         0  entry10a.o ABSOLUTE
    ../clib/microlib/init/entry.s            0x00000000   Number         0  entry8a.o ABSOLUTE
    ../clib/microlib/init/entry.s            0x00000000   Number         0  entry10b.o ABSOLUTE
    ../clib/microlib/init/entry.s            0x00000000   Number         0  entry2.o ABSOLUTE
    ../clib/microlib/init/entry.s            0x00000000   Number         0  entry7b.o ABSOLUTE
    ../clib/microlib/init/entry.s            0x00000000   Number         0  entry7a.o ABSOLUTE
    ../clib/microlib/init/entry.s            0x00000000   Number         0  entry5.o ABSOLUTE
    ../clib/microlib/init/entry.s            0x00000000   Number         0  entry11b.o ABSOLUTE
    ../clib/microlib/init/entry.s            0x00000000   Number         0  entry11a.o ABSOLUTE
    ../clib/microlib/init/entry.s            0x00000000   Number         0  entry9a.o ABSOLUTE
    ../clib/microlib/longlong.c              0x00000000   Number         0  llshl.o ABSOLUTE
    ../clib/microlib/longlong.c              0x00000000   Number         0  llsshr.o ABSOLUTE
    ../clib/microlib/longlong.c              0x00000000   Number         0  llushr.o ABSOLUTE
    ../clib/microlib/printf/printf.c         0x00000000   Number         0  printfa.o ABSOLUTE
    ../clib/microlib/printf/printf.c         0x00000000   Number         0  printf8.o ABSOLUTE
    ../clib/microlib/printf/printf.c         0x00000000   Number         0  printf7.o ABSOLUTE
    ../clib/microlib/printf/printf.c         0x00000000   Number         0  printf6.o ABSOLUTE
    ../clib/microlib/printf/printf.c         0x00000000   Number         0  printf5.o ABSOLUTE
    ../clib/microlib/printf/printf.c         0x00000000   Number         0  printf4.o ABSOLUTE
    ../clib/microlib/printf/printf.c         0x00000000   Number         0  printf3.o ABSOLUTE
    ../clib/microlib/printf/printf.c         0x00000000   Number         0  printf2.o ABSOLUTE
    ../clib/microlib/printf/printf.c         0x00000000   Number         0  printf1.o ABSOLUTE
    ../clib/microlib/printf/printf.c         0x00000000   Number         0  printf0.o ABSOLUTE
    ../clib/microlib/printf/printf.c         0x00000000   Number         0  printfb.o ABSOLUTE
    ../clib/microlib/printf/stubs.s          0x00000000   Number         0  stubs.o ABSOLUTE
    ../clib/microlib/stdio/streams.c         0x00000000   Number         0  stdout.o ABSOLUTE
    ../clib/microlib/string/memcpy.c         0x00000000   Number         0  memcpyb.o ABSOLUTE
    ../clib/microlib/string/memcpy.c         0x00000000   Number         0  memcpya.o ABSOLUTE
    ../clib/microlib/string/strcmp.c         0x00000000   Number         0  strcmp.o ABSOLUTE
    ../clib/microlib/string/strcpy.c         0x00000000   Number         0  strcpy.o ABSOLUTE
    ../clib/microlib/string/strlen.c         0x00000000   Number         0  strlen.o ABSOLUTE
    ../clib/microlib/string/strstr.c         0x00000000   Number         0  strstr.o ABSOLUTE
    ../clib/microlib/stubs.s                 0x00000000   Number         0  iusefp.o ABSOLUTE
    ../fplib/microlib/fpadd.c                0x00000000   Number         0  dadd.o ABSOLUTE
    ../fplib/microlib/fpdiv.c                0x00000000   Number         0  ddiv.o ABSOLUTE
    ../fplib/microlib/fpepilogue.c           0x00000000   Number         0  depilogue.o ABSOLUTE
    ../fplib/microlib/fpfix.c                0x00000000   Number         0  dfixul.o ABSOLUTE
    ../fplib/microlib/fpmul.c                0x00000000   Number         0  dmul.o ABSOLUTE
    ADCSWTrigger.c                           0x00000000   Number         0  adcswtrigger.o ABSOLUTE
    Display.c                                0x00000000   Number         0  display.o ABSOLUTE
    LED.c                                    0x00000000   Number         0  led.o ABSOLUTE
    Main.c                                   0x00000000   Number         0  main.o ABSOLUTE
    PLL.c                                    0x00000000   Number         0  pll.o ABSOLUTE
    ST7735.c                                 0x00000000   Number         0  st7735.o ABSOLUTE
    SetAlarm.c                               0x00000000   Number         0  setalarm.o ABSOLUTE
    SetTime.c                                0x00000000   Number         0  settime.o ABSOLUTE
    Switch.c                                 0x00000000   Number         0  switch.o ABSOLUTE
    SysTickInts.c                            0x00000000   Number         0  systickints.o ABSOLUTE
    Timer0A.c                                0x00000000   Number         0  timer0a.o ABSOLUTE
    Timer1.c                                 0x00000000   Number         0  timer1.o ABSOLUTE
    UART.c                                   0x00000000   Number         0  uart.o ABSOLUTE
    cdrcmple.s                               0x00000000   Number         0  cdrcmple.o ABSOLUTE
    dc.s                                     0x00000000   Number         0  dc.o ABSOLUTE
    esp8266.c                                0x00000000   Number         0  esp8266.o ABSOLUTE
    handlers.s                               0x00000000   Number         0  handlers.o ABSOLUTE
    init.s                                   0x00000000   Number         0  init.o ABSOLUTE
    startup.s                                0x00000000   Number         0  startup.o ABSOLUTE
    .ARM.Collect$$$$00000000                 0x00000284   Section        0  entry.o(.ARM.Collect$$$$00000000)
    .ARM.Collect$$$$00000001                 0x00000284   Section        4  entry2.o(.ARM.Collect$$$$00000001)
    .ARM.Collect$$$$00000004                 0x00000288   Section        4  entry5.o(.ARM.Collect$$$$00000004)
    .ARM.Collect$$$$00000008                 0x0000028c   Section        0  entry7b.o(.ARM.Collect$$$$00000008)
    .ARM.Collect$$$$0000000A                 0x0000028c   Section        0  entry8b.o(.ARM.Collect$$$$0000000A)
    .ARM.Collect$$$$0000000B                 0x0000028c   Section        8  entry9a.o(.ARM.Collect$$$$0000000B)
    .ARM.Collect$$$$0000000D                 0x00000294   Section        0  entry10a.o(.ARM.Collect$$$$0000000D)
    .ARM.Collect$$$$0000000F                 0x00000294   Section        0  entry11a.o(.ARM.Collect$$$$0000000F)
    .ARM.Collect$$$$00002712                 0x00000294   Section        4  entry2.o(.ARM.Collect$$$$00002712)
    __lit__00000000                          0x00000294   Data           4  entry2.o(.ARM.Collect$$$$00002712)
    .text                                    0x00000298   Section       28  startup.o(.text)
    .text                                    0x000002b4   Section        0  memcpya.o(.text)
    .text                                    0x000002d8   Section        0  strlen.o(.text)
    .text                                    0x000002e6   Section        0  strcmp.o(.text)
    .text                                    0x00000302   Section        0  strcpy.o(.text)
    .text                                    0x00000314   Section        0  uidiv.o(.text)
    .text                                    0x00000340   Section       36  init.o(.text)
    .text                                    0x00000364   Section        0  __dczerorl2.o(.text)
    i.ADC0_InSeq3                            0x000003c0   Section        0  adcswtrigger.o(i.ADC0_InSeq3)
    i.ADC0_InitSWTriggerSeq3_Ch9             0x000003ec   Section        0  adcswtrigger.o(i.ADC0_InitSWTriggerSeq3_Ch9)
    i.Alarm_Init                             0x000004d8   Section        0  main.o(i.Alarm_Init)
    i.Board_Input                            0x00000550   Section        0  led.o(i.Board_Input)
    i.Delay1ms                               0x00000568   Section        0  st7735.o(i.Delay1ms)
    i.DelayMs                                0x00000588   Section        0  esp8266.o(i.DelayMs)
    i.DelayMsSearching                       0x000005a8   Section        0  esp8266.o(i.DelayMsSearching)
    i.Display_PG1                            0x000005d8   Section        0  display.o(i.Display_PG1)
    i.Display_PG2                            0x00000a3c   Section        0  display.o(i.Display_PG2)
    i.Display_PG3                            0x000013a8   Section        0  display.o(i.Display_PG3)
    i.Display_PG4                            0x000013cc   Section        0  display.o(i.Display_PG4)
    i.ESP8266FIFOtoBuffer                    0x00001494   Section        0  esp8266.o(i.ESP8266FIFOtoBuffer)
    i.ESP8266SendCommand                     0x00001510   Section        0  esp8266.o(i.ESP8266SendCommand)
    i.ESP8266_CloseTCPConnection             0x0000152c   Section        0  esp8266.o(i.ESP8266_CloseTCPConnection)
    i.ESP8266_EnableRXInterrupt              0x00001590   Section        0  esp8266.o(i.ESP8266_EnableRXInterrupt)
    i.ESP8266_GetIPAddress                   0x0000159c   Section        0  esp8266.o(i.ESP8266_GetIPAddress)
    i.ESP8266_GetStatus                      0x000015e0   Section        0  esp8266.o(i.ESP8266_GetStatus)
    i.ESP8266_GetVersionNumber               0x00001628   Section        0  esp8266.o(i.ESP8266_GetVersionNumber)
    i.ESP8266_Init                           0x0000166c   Section        0  esp8266.o(i.ESP8266_Init)
    i.ESP8266_InitUART                       0x000018b8   Section        0  esp8266.o(i.ESP8266_InitUART)
    i.ESP8266_JoinAccessPoint                0x000019c8   Section        0  esp8266.o(i.ESP8266_JoinAccessPoint)
    i.ESP8266_ListAccessPoints               0x00001a2c   Section        0  esp8266.o(i.ESP8266_ListAccessPoints)
    i.ESP8266_MakeTCPConnection              0x00001a70   Section        0  esp8266.o(i.ESP8266_MakeTCPConnection)
    i.ESP8266_PrintChar                      0x00001adc   Section        0  esp8266.o(i.ESP8266_PrintChar)
    i.ESP8266_Reset                          0x00001af4   Section        0  esp8266.o(i.ESP8266_Reset)
    i.ESP8266_SendTCP                        0x00001b68   Section        0  esp8266.o(i.ESP8266_SendTCP)
    i.ESP8266_SetConnectionMux               0x00001c08   Section        0  esp8266.o(i.ESP8266_SetConnectionMux)
    i.ESP8266_SetDataTransmissionMode        0x00001c60   Section        0  esp8266.o(i.ESP8266_SetDataTransmissionMode)
    i.ESP8266_SetWifiMode                    0x00001cb8   Section        0  esp8266.o(i.ESP8266_SetWifiMode)
    i.GPIOPortD_Handler                      0x00001d18   Section        0  switch.o(i.GPIOPortD_Handler)
    i.LED_GreenOff                           0x00001ea8   Section        0  led.o(i.LED_GreenOff)
    i.LED_GreenOn                            0x00001eb4   Section        0  led.o(i.LED_GreenOn)
    i.LED_Init                               0x00001ec0   Section        0  led.o(i.LED_Init)
    i.LED_RedToggle                          0x00001f2c   Section        0  led.o(i.LED_RedToggle)
    i.Output_Clear                           0x00001f40   Section        0  st7735.o(i.Output_Clear)
    i.Output_Init                            0x00001f4a   Section        0  st7735.o(i.Output_Init)
    i.PLL_Init                               0x00001f5c   Section        0  pll.o(i.PLL_Init)
    i.RxFifo_Put                             0x00001fd8   Section        0  uart.o(i.RxFifo_Put)
    i.RxFifo_Size                            0x00002014   Section        0  uart.o(i.RxFifo_Size)
    i.ST7735_DrawCharS                       0x0000202c   Section        0  st7735.o(i.ST7735_DrawCharS)
    i.ST7735_DrawPixel                       0x00002120   Section        0  st7735.o(i.ST7735_DrawPixel)
    i.ST7735_DrawString                      0x00002168   Section        0  st7735.o(i.ST7735_DrawString)
    i.ST7735_FillRect                        0x000021c0   Section        0  st7735.o(i.ST7735_FillRect)
    i.ST7735_FillScreen                      0x0000226c   Section        0  st7735.o(i.ST7735_FillScreen)
    i.ST7735_InitR                           0x00002290   Section        0  st7735.o(i.ST7735_InitR)
    i.ST7735_Line                            0x0000230c   Section        0  st7735.o(i.ST7735_Line)
    i.ST7735_OutChar                         0x000023f4   Section        0  st7735.o(i.ST7735_OutChar)
    i.ST7735_OutString                       0x000024c8   Section        0  st7735.o(i.ST7735_OutString)
    i.ST7735_OutUDec                         0x000024e0   Section        0  st7735.o(i.ST7735_OutUDec)
    i.ST7735_SetCursor                       0x0000256c   Section        0  st7735.o(i.ST7735_SetCursor)
    i.SearchCheck                            0x0000258c   Section        0  esp8266.o(i.SearchCheck)
    i.SearchStart                            0x000025d8   Section        0  esp8266.o(i.SearchStart)
    i.ServerResponseSearchCheck              0x00002608   Section        0  esp8266.o(i.ServerResponseSearchCheck)
    i.ServerResponseSearchStart              0x000026dc   Section        0  esp8266.o(i.ServerResponseSearchStart)
    i.Switch_Debounce                        0x0000271c   Section        0  switch.o(i.Switch_Debounce)
    i.Switch_Init                            0x0000274c   Section        0  switch.o(i.Switch_Init)
    i.Switch_Input                           0x000027d8   Section        0  switch.o(i.Switch_Input)
    i.SysTick_Handler                        0x000027e4   Section        0  main.o(i.SysTick_Handler)
    i.SysTick_Wait                           0x0000283c   Section        0  systickints.o(i.SysTick_Wait)
    i.Timer0A_Handler                        0x0000285c   Section        0  timer0a.o(i.Timer0A_Handler)
    i.Timer0A_Init                           0x00002884   Section        0  timer0a.o(i.Timer0A_Init)
    i.Timer1A_Handler                        0x000028f0   Section        0  timer1.o(i.Timer1A_Handler)
    i.Timer1_Init                            0x00002a00   Section        0  timer1.o(i.Timer1_Init)
    i.TxFifo_Get                             0x00002a60   Section        0  uart.o(i.TxFifo_Get)
    i.TxFifo_Put                             0x00002a9c   Section        0  uart.o(i.TxFifo_Put)
    i.TxFifo_Size                            0x00002ad8   Section        0  uart.o(i.TxFifo_Size)
    i.UART0_Handler                          0x00002af0   Section        0  uart.o(i.UART0_Handler)
    i.UART1_Handler                          0x00002b48   Section        0  esp8266.o(i.UART1_Handler)
    i.UART_OutCharNonBlock                   0x00002b78   Section        0  uart.o(i.UART_OutCharNonBlock)
    i.__0printf$3                            0x00002bac   Section        0  printf3.o(i.__0printf$3)
    i.__0sprintf$3                           0x00002bcc   Section        0  printf3.o(i.__0sprintf$3)
    i.__scatterload_copy                     0x00002bf4   Section       14  handlers.o(i.__scatterload_copy)
    i.__scatterload_null                     0x00002c02   Section        2  handlers.o(i.__scatterload_null)
    i.__scatterload_zeroinit                 0x00002c04   Section       14  handlers.o(i.__scatterload_zeroinit)
    i._printf_core                           0x00002c14   Section        0  printf3.o(i._printf_core)
    _printf_core                             0x00002c15   Thumb Code   436  printf3.o(i._printf_core)
    i._sputc                                 0x00002dcc   Section        0  printf3.o(i._sputc)
    _sputc                                   0x00002dcd   Thumb Code    10  printf3.o(i._sputc)
    i.commandList                            0x00002dd6   Section        0  st7735.o(i.commandList)
    commandList                              0x00002dd7   Thumb Code    86  st7735.o(i.commandList)
    i.commonInit                             0x00002e2c   Section        0  st7735.o(i.commonInit)
    commonInit                               0x00002e2d   Thumb Code   340  st7735.o(i.commonInit)
    i.copyHardwareToSoftware                 0x00002fb0   Section        0  uart.o(i.copyHardwareToSoftware)
    copyHardwareToSoftware                   0x00002fb1   Thumb Code    40  uart.o(i.copyHardwareToSoftware)
    i.copySoftwareToHardware                 0x00002fdc   Section        0  uart.o(i.copySoftwareToHardware)
    copySoftwareToHardware                   0x00002fdd   Thumb Code    38  uart.o(i.copySoftwareToHardware)
    i.decrementAlarmMin                      0x00003008   Section        0  setalarm.o(i.decrementAlarmMin)
    i.decrementMin                           0x00003038   Section        0  settime.o(i.decrementMin)
    i.fillmessage                            0x00003070   Section        0  st7735.o(i.fillmessage)
    i.fputc                                  0x000030b8   Section        0  st7735.o(i.fputc)
    i.incrementAlarmHour                     0x000030c8   Section        0  setalarm.o(i.incrementAlarmHour)
    i.incrementAlarmMin                      0x000030f8   Section        0  setalarm.o(i.incrementAlarmMin)
    i.incrementHour                          0x00003128   Section        0  settime.o(i.incrementHour)
    i.incrementMin                           0x00003164   Section        0  settime.o(i.incrementMin)
    i.lc                                     0x000031a0   Section        0  esp8266.o(i.lc)
    i.main                                   0x000031b0   Section        0  main.o(i.main)
    i.pushColor                              0x000032ac   Section        0  st7735.o(i.pushColor)
    pushColor                                0x000032ad   Thumb Code    18  st7735.o(i.pushColor)
    i.setAddrWindow                          0x000032c0   Section        0  st7735.o(i.setAddrWindow)
    setAddrWindow                            0x000032c1   Thumb Code   106  st7735.o(i.setAddrWindow)
    i.writecommand                           0x00003334   Section        0  st7735.o(i.writecommand)
    writecommand                             0x00003335   Thumb Code    40  st7735.o(i.writecommand)
    i.writedata                              0x00003364   Section        0  st7735.o(i.writedata)
    writedata                                0x00003365   Thumb Code    24  st7735.o(i.writedata)
    .constdata                               0x00003384   Section     2018  st7735.o(.constdata)
    Font                                     0x00003384   Data        1275  st7735.o(.constdata)
    Bcmd                                     0x0000387f   Data         103  st7735.o(.constdata)
    Rcmd1                                    0x000038e6   Data          59  st7735.o(.constdata)
    Rcmd2green                               0x00003921   Data          13  st7735.o(.constdata)
    Rcmd2red                                 0x0000392e   Data          13  st7735.o(.constdata)
    Rcmd3                                    0x0000393b   Data          43  st7735.o(.constdata)
    .constdata                               0x00003b68   Section       52  display.o(.constdata)
    .data                                    0x20000000   Section       44  st7735.o(.data)
    _width                                   0x2000000a   Data           2  st7735.o(.data)
    _height                                  0x2000000c   Data           2  st7735.o(.data)
    ColStart                                 0x20000014   Data           1  st7735.o(.data)
    RowStart                                 0x20000015   Data           1  st7735.o(.data)
    Rotation                                 0x20000016   Data           1  st7735.o(.data)
    TabColor                                 0x20000017   Data           1  st7735.o(.data)
    .data                                    0x2000002c   Section        8  switch.o(.data)
    .data                                    0x20000034   Section       24  timer1.o(.data)
    .data                                    0x2000004c   Section        6  setalarm.o(.data)
    .data                                    0x20000052   Section        2  timer0a.o(.data)
    .data                                    0x20000058   Section       58  display.o(.data)
    prevsx                                   0x20000060   Data           8  display.o(.data)
    prevsy                                   0x20000068   Data           8  display.o(.data)
    prevmx                                   0x20000070   Data           8  display.o(.data)
    prevmy                                   0x20000078   Data           8  display.o(.data)
    prevhx                                   0x20000080   Data           8  display.o(.data)
    prevhy                                   0x20000088   Data           8  display.o(.data)
    .data                                    0x20000094   Section      128  main.o(.data)
    .data                                    0x20000114   Section       64  esp8266.o(.data)
    .data                                    0x20000154   Section       16  uart.o(.data)
    .data                                    0x20000164   Section        4  stdout.o(.data)
    .bss                                     0x20000168   Section       12  st7735.o(.bss)
    .bss                                     0x20000174   Section     3104  esp8266.o(.bss)
    .bss                                     0x20000d94   Section     2048  uart.o(.bss)
    RxFifo                                   0x20000d94   Data        1024  uart.o(.bss)
    TxFifo                                   0x20001194   Data        1024  uart.o(.bss)
    STACK                                    0x20001598   Section     1024  startup.o(STACK)
    StackMem                                 0x20001598   Data           0  startup.o(STACK)

    Global Symbols

    Symbol Name                              Value     Ov Type        Size  Object(Section)

    BuildAttributes$$THM_ISAv4$E$P$D$K$B$S$7EM$PE$A:L22UL41UL21$X:L11$S22US41US21$IEEE1$IW$USESV6$~STKCKD$USESV7$~SHL$OSPACE$ROPI$EBA8$MICROLIB$REQ8$PRES8$EABIv2 0x00000000   Number         0  anon$$obj.o ABSOLUTE
    __ARM_use_no_argv                        0x00000000   Number         0  main.o ABSOLUTE
    __Vectors                                0x00000000   Data           0  startup.o(RESET)
    _printf_a                                0x00000000   Number         0  stubs.o ABSOLUTE
    _printf_c                                0x00000000   Number         0  stubs.o ABSOLUTE
    _printf_charcount                        0x00000000   Number         0  stubs.o ABSOLUTE
    _printf_d                                0x00000000   Number         0  stubs.o ABSOLUTE
    _printf_e                                0x00000000   Number         0  stubs.o ABSOLUTE
    _printf_f                                0x00000000   Number         0  stubs.o ABSOLUTE
    _printf_flags                            0x00000000   Number         0  stubs.o ABSOLUTE
    _printf_fp_dec                           0x00000000   Number         0  stubs.o ABSOLUTE
    _printf_fp_hex                           0x00000000   Number         0  stubs.o ABSOLUTE
    _printf_g                                0x00000000   Number         0  stubs.o ABSOLUTE
    _printf_i                                0x00000000   Number         0  stubs.o ABSOLUTE
    _printf_int_dec                          0x00000000   Number         0  stubs.o ABSOLUTE
    _printf_l                                0x00000000   Number         0  stubs.o ABSOLUTE
    _printf_lc                               0x00000000   Number         0  stubs.o ABSOLUTE
    _printf_ll                               0x00000000   Number         0  stubs.o ABSOLUTE
    _printf_lld                              0x00000000   Number         0  stubs.o ABSOLUTE
    _printf_lli                              0x00000000   Number         0  stubs.o ABSOLUTE
    _printf_llo                              0x00000000   Number         0  stubs.o ABSOLUTE
    _printf_llu                              0x00000000   Number         0  stubs.o ABSOLUTE
    _printf_llx                              0x00000000   Number         0  stubs.o ABSOLUTE
    _printf_longlong_dec                     0x00000000   Number         0  stubs.o ABSOLUTE
    _printf_longlong_hex                     0x00000000   Number         0  stubs.o ABSOLUTE
    _printf_longlong_oct                     0x00000000   Number         0  stubs.o ABSOLUTE
    _printf_ls                               0x00000000   Number         0  stubs.o ABSOLUTE
    _printf_mbtowc                           0x00000000   Number         0  stubs.o ABSOLUTE
    _printf_n                                0x00000000   Number         0  stubs.o ABSOLUTE
    _printf_o                                0x00000000   Number         0  stubs.o ABSOLUTE
    _printf_p                                0x00000000   Number         0  stubs.o ABSOLUTE
    _printf_percent                          0x00000000   Number         0  stubs.o ABSOLUTE
    _printf_pre_padding                      0x00000000   Number         0  stubs.o ABSOLUTE
    _printf_return_value                     0x00000000   Number         0  stubs.o ABSOLUTE
    _printf_s                                0x00000000   Number         0  stubs.o ABSOLUTE
    _printf_sizespec                         0x00000000   Number         0  stubs.o ABSOLUTE
    _printf_str                              0x00000000   Number         0  stubs.o ABSOLUTE
    _printf_truncate_signed                  0x00000000   Number         0  stubs.o ABSOLUTE
    _printf_truncate_unsigned                0x00000000   Number         0  stubs.o ABSOLUTE
    _printf_u                                0x00000000   Number         0  stubs.o ABSOLUTE
    _printf_wc                               0x00000000   Number         0  stubs.o ABSOLUTE
    _printf_wctomb                           0x00000000   Number         0  stubs.o ABSOLUTE
    _printf_widthprec                        0x00000000   Number         0  stubs.o ABSOLUTE
    _printf_x                                0x00000000   Number         0  stubs.o ABSOLUTE
    __cpp_initialize__aeabi_                  - Undefined Weak Reference
    __cxa_finalize                            - Undefined Weak Reference
    _clock_init                               - Undefined Weak Reference
    _microlib_exit                            - Undefined Weak Reference
    Reset_Handler                            0x0000026d   Thumb Code     0  startup.o(RESET)
    NMI_Handler                              0x00000271   Thumb Code     2  startup.o(RESET)
    HardFault_Handler                        0x00000273   Thumb Code     2  startup.o(RESET)
    MemManage_Handler                        0x00000275   Thumb Code     2  startup.o(RESET)
    BusFault_Handler                         0x00000277   Thumb Code     2  startup.o(RESET)
    UsageFault_Handler                       0x00000279   Thumb Code     2  startup.o(RESET)
    SVC_Handler                              0x0000027b   Thumb Code     2  startup.o(RESET)
    DebugMon_Handler                         0x0000027d   Thumb Code     2  startup.o(RESET)
    PendSV_Handler                           0x0000027f   Thumb Code     2  startup.o(RESET)
    ADC0Seq0_Handler                         0x00000283   Thumb Code     0  startup.o(RESET)
    ADC0Seq1_Handler                         0x00000283   Thumb Code     0  startup.o(RESET)
    ADC0Seq2_Handler                         0x00000283   Thumb Code     0  startup.o(RESET)
    ADC0Seq3_Handler                         0x00000283   Thumb Code     0  startup.o(RESET)
    ADC1Seq0_Handler                         0x00000283   Thumb Code     0  startup.o(RESET)
    ADC1Seq1_Handler                         0x00000283   Thumb Code     0  startup.o(RESET)
    ADC1Seq2_Handler                         0x00000283   Thumb Code     0  startup.o(RESET)
    ADC1Seq3_Handler                         0x00000283   Thumb Code     0  startup.o(RESET)
    CAN0_Handler                             0x00000283   Thumb Code     0  startup.o(RESET)
    CAN1_Handler                             0x00000283   Thumb Code     0  startup.o(RESET)
    CAN2_Handler                             0x00000283   Thumb Code     0  startup.o(RESET)
    Comp0_Handler                            0x00000283   Thumb Code     0  startup.o(RESET)
    Comp1_Handler                            0x00000283   Thumb Code     0  startup.o(RESET)
    Comp2_Handler                            0x00000283   Thumb Code     0  startup.o(RESET)
    Ethernet_Handler                         0x00000283   Thumb Code     0  startup.o(RESET)
    ExtBus_Handler                           0x00000283   Thumb Code     0  startup.o(RESET)
    FPU_Handler                              0x00000283   Thumb Code     0  startup.o(RESET)
    Fan0_Handler                             0x00000283   Thumb Code     0  startup.o(RESET)
    FlashCtl_Handler                         0x00000283   Thumb Code     0  startup.o(RESET)
    GPIOPortA_Handler                        0x00000283   Thumb Code     0  startup.o(RESET)
    GPIOPortB_Handler                        0x00000283   Thumb Code     0  startup.o(RESET)
    GPIOPortC_Handler                        0x00000283   Thumb Code     0  startup.o(RESET)
    GPIOPortE_Handler                        0x00000283   Thumb Code     0  startup.o(RESET)
    GPIOPortF_Handler                        0x00000283   Thumb Code     0  startup.o(RESET)
    GPIOPortG_Handler                        0x00000283   Thumb Code     0  startup.o(RESET)
    GPIOPortH_Handler                        0x00000283   Thumb Code     0  startup.o(RESET)
    GPIOPortJ_Handler                        0x00000283   Thumb Code     0  startup.o(RESET)
    GPIOPortK_Handler                        0x00000283   Thumb Code     0  startup.o(RESET)
    GPIOPortL_Handler                        0x00000283   Thumb Code     0  startup.o(RESET)
    GPIOPortM_Handler                        0x00000283   Thumb Code     0  startup.o(RESET)
    GPIOPortN_Handler                        0x00000283   Thumb Code     0  startup.o(RESET)
    GPIOPortP1_Handler                       0x00000283   Thumb Code     0  startup.o(RESET)
    GPIOPortP2_Handler                       0x00000283   Thumb Code     0  startup.o(RESET)
    GPIOPortP3_Handler                       0x00000283   Thumb Code     0  startup.o(RESET)
    GPIOPortP4_Handler                       0x00000283   Thumb Code     0  startup.o(RESET)
    GPIOPortP5_Handler                       0x00000283   Thumb Code     0  startup.o(RESET)
    GPIOPortP6_Handler                       0x00000283   Thumb Code     0  startup.o(RESET)
    GPIOPortP7_Handler                       0x00000283   Thumb Code     0  startup.o(RESET)
    GPIOPortP_Handler                        0x00000283   Thumb Code     0  startup.o(RESET)
    GPIOPortQ1_Handler                       0x00000283   Thumb Code     0  startup.o(RESET)
    GPIOPortQ2_Handler                       0x00000283   Thumb Code     0  startup.o(RESET)
    GPIOPortQ3_Handler                       0x00000283   Thumb Code     0  startup.o(RESET)
    GPIOPortQ4_Handler                       0x00000283   Thumb Code     0  startup.o(RESET)
    GPIOPortQ5_Handler                       0x00000283   Thumb Code     0  startup.o(RESET)
    GPIOPortQ6_Handler                       0x00000283   Thumb Code     0  startup.o(RESET)
    GPIOPortQ7_Handler                       0x00000283   Thumb Code     0  startup.o(RESET)
    GPIOPortQ_Handler                        0x00000283   Thumb Code     0  startup.o(RESET)
    GPIOPortR_Handler                        0x00000283   Thumb Code     0  startup.o(RESET)
    GPIOPortS_Handler                        0x00000283   Thumb Code     0  startup.o(RESET)
    Hibernate_Handler                        0x00000283   Thumb Code     0  startup.o(RESET)
    I2C0_Handler                             0x00000283   Thumb Code     0  startup.o(RESET)
    I2C1_Handler                             0x00000283   Thumb Code     0  startup.o(RESET)
    I2C2_Handler                             0x00000283   Thumb Code     0  startup.o(RESET)
    I2C3_Handler                             0x00000283   Thumb Code     0  startup.o(RESET)
    I2C4_Handler                             0x00000283   Thumb Code     0  startup.o(RESET)
    I2C5_Handler                             0x00000283   Thumb Code     0  startup.o(RESET)
    I2S0_Handler                             0x00000283   Thumb Code     0  startup.o(RESET)
    LPC0_Handler                             0x00000283   Thumb Code     0  startup.o(RESET)
    PECI0_Handler                            0x00000283   Thumb Code     0  startup.o(RESET)
    PWM0Fault_Handler                        0x00000283   Thumb Code     0  startup.o(RESET)
    PWM0Generator0_Handler                   0x00000283   Thumb Code     0  startup.o(RESET)
    PWM0Generator1_Handler                   0x00000283   Thumb Code     0  startup.o(RESET)
    PWM0Generator2_Handler                   0x00000283   Thumb Code     0  startup.o(RESET)
    PWM0Generator3_Handler                   0x00000283   Thumb Code     0  startup.o(RESET)
    PWM1Fault_Handler                        0x00000283   Thumb Code     0  startup.o(RESET)
    PWM1Generator0_Handler                   0x00000283   Thumb Code     0  startup.o(RESET)
    PWM1Generator1_Handler                   0x00000283   Thumb Code     0  startup.o(RESET)
    PWM1Generator2_Handler                   0x00000283   Thumb Code     0  startup.o(RESET)
    PWM1Generator3_Handler                   0x00000283   Thumb Code     0  startup.o(RESET)
    Quadrature0_Handler                      0x00000283   Thumb Code     0  startup.o(RESET)
    Quadrature1_Handler                      0x00000283   Thumb Code     0  startup.o(RESET)
    Quadrature2_Handler                      0x00000283   Thumb Code     0  startup.o(RESET)
    SSI0_Handler                             0x00000283   Thumb Code     0  startup.o(RESET)
    SSI1_Handler                             0x00000283   Thumb Code     0  startup.o(RESET)
    SSI2_Handler                             0x00000283   Thumb Code     0  startup.o(RESET)
    SSI3_Handler                             0x00000283   Thumb Code     0  startup.o(RESET)
    SysCtl_Handler                           0x00000283   Thumb Code     0  startup.o(RESET)
    Timer0B_Handler                          0x00000283   Thumb Code     0  startup.o(RESET)
    Timer1B_Handler                          0x00000283   Thumb Code     0  startup.o(RESET)
    Timer2A_Handler                          0x00000283   Thumb Code     0  startup.o(RESET)
    Timer2B_Handler                          0x00000283   Thumb Code     0  startup.o(RESET)
    Timer3A_Handler                          0x00000283   Thumb Code     0  startup.o(RESET)
    Timer3B_Handler                          0x00000283   Thumb Code     0  startup.o(RESET)
    Timer4A_Handler                          0x00000283   Thumb Code     0  startup.o(RESET)
    Timer4B_Handler                          0x00000283   Thumb Code     0  startup.o(RESET)
    Timer5A_Handler                          0x00000283   Thumb Code     0  startup.o(RESET)
    Timer5B_Handler                          0x00000283   Thumb Code     0  startup.o(RESET)
    UART2_Handler                            0x00000283   Thumb Code     0  startup.o(RESET)
    UART3_Handler                            0x00000283   Thumb Code     0  startup.o(RESET)
    UART4_Handler                            0x00000283   Thumb Code     0  startup.o(RESET)
    UART5_Handler                            0x00000283   Thumb Code     0  startup.o(RESET)
    UART6_Handler                            0x00000283   Thumb Code     0  startup.o(RESET)
    UART7_Handler                            0x00000283   Thumb Code     0  startup.o(RESET)
    USB0_Handler                             0x00000283   Thumb Code     0  startup.o(RESET)
    WDT_Handler                              0x00000283   Thumb Code     0  startup.o(RESET)
    WideTimer0A_Handler                      0x00000283   Thumb Code     0  startup.o(RESET)
    WideTimer0B_Handler                      0x00000283   Thumb Code     0  startup.o(RESET)
    WideTimer1A_Handler                      0x00000283   Thumb Code     0  startup.o(RESET)
    WideTimer1B_Handler                      0x00000283   Thumb Code     0  startup.o(RESET)
    WideTimer2A_Handler                      0x00000283   Thumb Code     0  startup.o(RESET)
    WideTimer2B_Handler                      0x00000283   Thumb Code     0  startup.o(RESET)
    WideTimer3A_Handler                      0x00000283   Thumb Code     0  startup.o(RESET)
    WideTimer3B_Handler                      0x00000283   Thumb Code     0  startup.o(RESET)
    WideTimer4A_Handler                      0x00000283   Thumb Code     0  startup.o(RESET)
    WideTimer4B_Handler                      0x00000283   Thumb Code     0  startup.o(RESET)
    WideTimer5A_Handler                      0x00000283   Thumb Code     0  startup.o(RESET)
    WideTimer5B_Handler                      0x00000283   Thumb Code     0  startup.o(RESET)
    uDMA_Error                               0x00000283   Thumb Code     0  startup.o(RESET)
    uDMA_Handler                             0x00000283   Thumb Code     0  startup.o(RESET)
    __main                                   0x00000285   Thumb Code     0  entry.o(.ARM.Collect$$$$00000000)
    _main_stk                                0x00000285   Thumb Code     0  entry2.o(.ARM.Collect$$$$00000001)
    _main_scatterload                        0x00000289   Thumb Code     0  entry5.o(.ARM.Collect$$$$00000004)
    __main_after_scatterload                 0x0000028d   Thumb Code     0  entry5.o(.ARM.Collect$$$$00000004)
    _main_clock                              0x0000028d   Thumb Code     0  entry7b.o(.ARM.Collect$$$$00000008)
    _main_cpp_init                           0x0000028d   Thumb Code     0  entry8b.o(.ARM.Collect$$$$0000000A)
    _main_init                               0x0000028d   Thumb Code     0  entry9a.o(.ARM.Collect$$$$0000000B)
    __rt_final_cpp                           0x00000295   Thumb Code     0  entry10a.o(.ARM.Collect$$$$0000000D)
    __rt_final_exit                          0x00000295   Thumb Code     0  entry11a.o(.ARM.Collect$$$$0000000F)
    DisableInterrupts                        0x00000299   Thumb Code     0  startup.o(.text)
    EnableInterrupts                         0x0000029d   Thumb Code     0  startup.o(.text)
    StartCritical                            0x000002a1   Thumb Code     0  startup.o(.text)
    EndCritical                              0x000002a9   Thumb Code     0  startup.o(.text)
    WaitForInterrupt                         0x000002af   Thumb Code     0  startup.o(.text)
    __aeabi_memcpy                           0x000002b5   Thumb Code    36  memcpya.o(.text)
    __aeabi_memcpy4                          0x000002b5   Thumb Code     0  memcpya.o(.text)
    __aeabi_memcpy8                          0x000002b5   Thumb Code     0  memcpya.o(.text)
    strlen                                   0x000002d9   Thumb Code    14  strlen.o(.text)
    strcmp                                   0x000002e7   Thumb Code    28  strcmp.o(.text)
    strcpy                                   0x00000303   Thumb Code    18  strcpy.o(.text)
    __aeabi_uidiv                            0x00000315   Thumb Code     0  uidiv.o(.text)
    __aeabi_uidivmod                         0x00000315   Thumb Code    44  uidiv.o(.text)
    __scatterload                            0x00000341   Thumb Code    28  init.o(.text)
    __scatterload_rt2                        0x00000341   Thumb Code     0  init.o(.text)
    __decompress                             0x00000365   Thumb Code     0  __dczerorl2.o(.text)
    __decompress1                            0x00000365   Thumb Code    92  __dczerorl2.o(.text)
    ADC0_InSeq3                              0x000003c1   Thumb Code    36  adcswtrigger.o(i.ADC0_InSeq3)
    ADC0_InitSWTriggerSeq3_Ch9               0x000003ed   Thumb Code   206  adcswtrigger.o(i.ADC0_InitSWTriggerSeq3_Ch9)
    Alarm_Init                               0x000004d9   Thumb Code   106  main.o(i.Alarm_Init)
    Board_Input                              0x00000551   Thumb Code    18  led.o(i.Board_Input)
    Delay1ms                                 0x00000569   Thumb Code    32  st7735.o(i.Delay1ms)
    DelayMs                                  0x00000589   Thumb Code    32  esp8266.o(i.DelayMs)
    DelayMsSearching                         0x000005a9   Thumb Code    42  esp8266.o(i.DelayMsSearching)
    Display_PG1                              0x000005d9   Thumb Code   892  display.o(i.Display_PG1)
    Display_PG2                              0x00000a3d   Thumb Code  2292  display.o(i.Display_PG2)
    Display_PG3                              0x000013a9   Thumb Code    24  display.o(i.Display_PG3)
    Display_PG4                              0x000013cd   Thumb Code    94  display.o(i.Display_PG4)
    ESP8266FIFOtoBuffer                      0x00001495   Thumb Code   100  esp8266.o(i.ESP8266FIFOtoBuffer)
    ESP8266SendCommand                       0x00001511   Thumb Code    26  esp8266.o(i.ESP8266SendCommand)
    ESP8266_CloseTCPConnection               0x0000152d   Thumb Code    60  esp8266.o(i.ESP8266_CloseTCPConnection)
    ESP8266_EnableRXInterrupt                0x00001591   Thumb Code     8  esp8266.o(i.ESP8266_EnableRXInterrupt)
    ESP8266_GetIPAddress                     0x0000159d   Thumb Code    46  esp8266.o(i.ESP8266_GetIPAddress)
    ESP8266_GetStatus                        0x000015e1   Thumb Code    46  esp8266.o(i.ESP8266_GetStatus)
    ESP8266_GetVersionNumber                 0x00001629   Thumb Code    46  esp8266.o(i.ESP8266_GetVersionNumber)
    ESP8266_Init                             0x0000166d   Thumb Code   188  esp8266.o(i.ESP8266_Init)
    ESP8266_InitUART                         0x000018b9   Thumb Code   230  esp8266.o(i.ESP8266_InitUART)
    ESP8266_JoinAccessPoint                  0x000019c9   Thumb Code    62  esp8266.o(i.ESP8266_JoinAccessPoint)
    ESP8266_ListAccessPoints                 0x00001a2d   Thumb Code    46  esp8266.o(i.ESP8266_ListAccessPoints)
    ESP8266_MakeTCPConnection                0x00001a71   Thumb Code    66  esp8266.o(i.ESP8266_MakeTCPConnection)
    ESP8266_PrintChar                        0x00001add   Thumb Code    18  esp8266.o(i.ESP8266_PrintChar)
    ESP8266_Reset                            0x00001af5   Thumb Code    84  esp8266.o(i.ESP8266_Reset)
    ESP8266_SendTCP                          0x00001b69   Thumb Code   130  esp8266.o(i.ESP8266_SendTCP)
    ESP8266_SetConnectionMux                 0x00001c09   Thumb Code    58  esp8266.o(i.ESP8266_SetConnectionMux)
    ESP8266_SetDataTransmissionMode          0x00001c61   Thumb Code    58  esp8266.o(i.ESP8266_SetDataTransmissionMode)
    ESP8266_SetWifiMode                      0x00001cb9   Thumb Code    66  esp8266.o(i.ESP8266_SetWifiMode)
    GPIOPortD_Handler                        0x00001d19   Thumb Code   384  switch.o(i.GPIOPortD_Handler)
    LED_GreenOff                             0x00001ea9   Thumb Code     8  led.o(i.LED_GreenOff)
    LED_GreenOn                              0x00001eb5   Thumb Code     8  led.o(i.LED_GreenOn)
    LED_Init                                 0x00001ec1   Thumb Code    88  led.o(i.LED_Init)
    LED_RedToggle                            0x00001f2d   Thumb Code    14  led.o(i.LED_RedToggle)
    Output_Clear                             0x00001f41   Thumb Code    10  st7735.o(i.Output_Clear)
    Output_Init                              0x00001f4b   Thumb Code    16  st7735.o(i.Output_Init)
    PLL_Init                                 0x00001f5d   Thumb Code   118  pll.o(i.PLL_Init)
    RxFifo_Put                               0x00001fd9   Thumb Code    48  uart.o(i.RxFifo_Put)
    RxFifo_Size                              0x00002015   Thumb Code    14  uart.o(i.RxFifo_Size)
    ST7735_DrawCharS                         0x0000202d   Thumb Code   232  st7735.o(i.ST7735_DrawCharS)
    ST7735_DrawPixel                         0x00002121   Thumb Code    64  st7735.o(i.ST7735_DrawPixel)
    ST7735_DrawString                        0x00002169   Thumb Code    86  st7735.o(i.ST7735_DrawString)
    ST7735_FillRect                          0x000021c1   Thumb Code   164  st7735.o(i.ST7735_FillRect)
    ST7735_FillScreen                        0x0000226d   Thumb Code    28  st7735.o(i.ST7735_FillScreen)
    ST7735_InitR                             0x00002291   Thumb Code    90  st7735.o(i.ST7735_InitR)
    ST7735_Line                              0x0000230d   Thumb Code   232  st7735.o(i.ST7735_Line)
    ST7735_OutChar                           0x000023f5   Thumb Code   176  st7735.o(i.ST7735_OutChar)
    ST7735_OutString                         0x000024c9   Thumb Code    24  st7735.o(i.ST7735_OutString)
    ST7735_OutUDec                           0x000024e1   Thumb Code   118  st7735.o(i.ST7735_OutUDec)
    ST7735_SetCursor                         0x0000256d   Thumb Code    22  st7735.o(i.ST7735_SetCursor)
    SearchCheck                              0x0000258d   Thumb Code    60  esp8266.o(i.SearchCheck)
    SearchStart                              0x000025d9   Thumb Code    30  esp8266.o(i.SearchStart)
    ServerResponseSearchCheck                0x00002609   Thumb Code   180  esp8266.o(i.ServerResponseSearchCheck)
    ServerResponseSearchStart                0x000026dd   Thumb Code    34  esp8266.o(i.ServerResponseSearchStart)
    Switch_Debounce                          0x0000271d   Thumb Code    48  switch.o(i.Switch_Debounce)
    Switch_Init                              0x0000274d   Thumb Code   124  switch.o(i.Switch_Init)
    Switch_Input                             0x000027d9   Thumb Code     6  switch.o(i.Switch_Input)
    SysTick_Handler                          0x000027e5   Thumb Code    70  main.o(i.SysTick_Handler)
    SysTick_Wait                             0x0000283d   Thumb Code    32  systickints.o(i.SysTick_Wait)
    Timer0A_Handler                          0x0000285d   Thumb Code    28  timer0a.o(i.Timer0A_Handler)
    Timer0A_Init                             0x00002885   Thumb Code    90  timer0a.o(i.Timer0A_Init)
    Timer1A_Handler                          0x000028f1   Thumb Code   242  timer1.o(i.Timer1A_Handler)
    Timer1_Init                              0x00002a01   Thumb Code    76  timer1.o(i.Timer1_Init)
    TxFifo_Get                               0x00002a61   Thumb Code    46  uart.o(i.TxFifo_Get)
    TxFifo_Put                               0x00002a9d   Thumb Code    48  uart.o(i.TxFifo_Put)
    TxFifo_Size                              0x00002ad9   Thumb Code    14  uart.o(i.TxFifo_Size)
    UART0_Handler                            0x00002af1   Thumb Code    82  uart.o(i.UART0_Handler)
    UART1_Handler                            0x00002b49   Thumb Code    44  esp8266.o(i.UART1_Handler)
    UART_OutCharNonBlock                     0x00002b79   Thumb Code    46  uart.o(i.UART_OutCharNonBlock)
    __0printf$3                              0x00002bad   Thumb Code    22  printf3.o(i.__0printf$3)
    __1printf$3                              0x00002bad   Thumb Code     0  printf3.o(i.__0printf$3)
    __2printf                                0x00002bad   Thumb Code     0  printf3.o(i.__0printf$3)
    __0sprintf$3                             0x00002bcd   Thumb Code    34  printf3.o(i.__0sprintf$3)
    __1sprintf$3                             0x00002bcd   Thumb Code     0  printf3.o(i.__0sprintf$3)
    __2sprintf                               0x00002bcd   Thumb Code     0  printf3.o(i.__0sprintf$3)
    __scatterload_copy                       0x00002bf5   Thumb Code    14  handlers.o(i.__scatterload_copy)
    __scatterload_null                       0x00002c03   Thumb Code     2  handlers.o(i.__scatterload_null)
    __scatterload_zeroinit                   0x00002c05   Thumb Code    14  handlers.o(i.__scatterload_zeroinit)
    decrementAlarmMin                        0x00003009   Thumb Code    42  setalarm.o(i.decrementAlarmMin)
    decrementMin                             0x00003039   Thumb Code    48  settime.o(i.decrementMin)
    fillmessage                              0x00003071   Thumb Code    64  st7735.o(i.fillmessage)
    fputc                                    0x000030b9   Thumb Code    16  st7735.o(i.fputc)
    incrementAlarmHour                       0x000030c9   Thumb Code    44  setalarm.o(i.incrementAlarmHour)
    incrementAlarmMin                        0x000030f9   Thumb Code    44  setalarm.o(i.incrementAlarmMin)
    incrementHour                            0x00003129   Thumb Code    50  settime.o(i.incrementHour)
    incrementMin                             0x00003165   Thumb Code    50  settime.o(i.incrementMin)
    lc                                       0x000031a1   Thumb Code    14  esp8266.o(i.lc)
    main                                     0x000031b1   Thumb Code   148  main.o(i.main)
    dBfs                                     0x00003966   Data         512  st7735.o(.constdata)
    Region$$Table$$Base                      0x00003b9c   Number         0  anon$$obj.o(Region$$Table)
    Region$$Table$$Limit                     0x00003bbc   Number         0  anon$$obj.o(Region$$Table)
    StX                                      0x20000000   Data           4  st7735.o(.data)
    StY                                      0x20000004   Data           4  st7735.o(.data)
    StTextColor                              0x20000008   Data           2  st7735.o(.data)
    lastj                                    0x20000010   Data           4  st7735.o(.data)
    Messageindex                             0x20000018   Data           4  st7735.o(.data)
    Ymax                                     0x2000001c   Data           4  st7735.o(.data)
    Ymin                                     0x20000020   Data           4  st7735.o(.data)
    X                                        0x20000024   Data           4  st7735.o(.data)
    Yrange                                   0x20000028   Data           4  st7735.o(.data)
    menu_mode                                0x2000002c   Data           2  switch.o(.data)
    hours2                                   0x2000002e   Data           2  switch.o(.data)
    minutes2                                 0x20000030   Data           2  switch.o(.data)
    Mode                                     0x20000032   Data           2  switch.o(.data)
    Time_Seconds                             0x20000034   Data           2  timer1.o(.data)
    Time_Minutes                             0x20000036   Data           2  timer1.o(.data)
    Time_Hours                               0x20000038   Data           2  timer1.o(.data)
    PeriodicTask                             0x2000003c   Data           4  timer1.o(.data)
    displayFlag                              0x20000040   Data           1  timer1.o(.data)
    ADCvalue                                 0x20000044   Data           4  timer1.o(.data)
    prevADCvalue                             0x20000048   Data           4  timer1.o(.data)
    alarm_hours                              0x2000004c   Data           2  setalarm.o(.data)
    alarm_minutes                            0x2000004e   Data           2  setalarm.o(.data)
    alarm_flag                               0x20000050   Data           2  setalarm.o(.data)
    toggleSound                              0x20000052   Data           2  timer0a.o(.data)
    display_mode                             0x20000058   Data           2  display.o(.data)
    display_status                           0x20000090   Data           2  display.o(.data)
    FetchStock                               0x20000094   Data         111  main.o(.data)
    active_In10s                             0x20000104   Data           2  main.o(.data)
    timeout                                  0x20000108   Data           4  main.o(.data)
    AllowAlarmChange                         0x2000010c   Data           2  main.o(.data)
    counts                                   0x20000110   Data           4  main.o(.data)
    RXBufferIndex                            0x20000114   Data           4  esp8266.o(.data)
    LastReturnIndex                          0x20000118   Data           4  esp8266.o(.data)
    CurrentReturnIndex                       0x2000011c   Data           4  esp8266.o(.data)
    ServerResponseIndex                      0x20000120   Data           4  esp8266.o(.data)
    ESP8266_ProcessBuffer                    0x20000124   Data           1  esp8266.o(.data)
    ESP8266_EchoResponse                     0x20000125   Data           1  esp8266.o(.data)
    ESP8266_ResponseComplete                 0x20000126   Data           1  esp8266.o(.data)
    ESP8266_APEnabled                        0x20000127   Data           1  esp8266.o(.data)
    ESP8266_ClientEnabled                    0x20000128   Data           1  esp8266.o(.data)
    ESP8266_ServerEnabled                    0x20000129   Data           1  esp8266.o(.data)
    ESP8266_InputProcessingEnabled           0x2000012a   Data           1  esp8266.o(.data)
    ESP8266_PageRequested                    0x2000012b   Data           1  esp8266.o(.data)
    SearchLooking                            0x2000012c   Data           1  esp8266.o(.data)
    SearchFound                              0x2000012d   Data           1  esp8266.o(.data)
    SearchIndex                              0x20000130   Data           4  esp8266.o(.data)
    ServerResponseSearchString               0x20000134   Data          16  esp8266.o(.data)
    ServerResponseSearchFinished             0x20000144   Data           4  esp8266.o(.data)
    ServerResponseSearchIndex                0x20000148   Data           4  esp8266.o(.data)
    ServerResponseSearchLooking              0x2000014c   Data           4  esp8266.o(.data)
    ESP8266_ServerPort                       0x20000150   Data           2  esp8266.o(.data)
    ESP8266_ServerTimeout                    0x20000152   Data           2  esp8266.o(.data)
    RxPutI                                   0x20000154   Data           4  uart.o(.data)
    RxGetI                                   0x20000158   Data           4  uart.o(.data)
    TxPutI                                   0x2000015c   Data           4  uart.o(.data)
    TxGetI                                   0x20000160   Data           4  uart.o(.data)
    __stdout                                 0x20000164   Data           4  stdout.o(.data)
    Message                                  0x20000168   Data          12  st7735.o(.bss)
    RXBuffer                                 0x20000174   Data        1024  esp8266.o(.bss)
    TXBuffer                                 0x20000574   Data        1024  esp8266.o(.bss)
    ServerResponseBuffer                     0x20000974   Data        1024  esp8266.o(.bss)
    SearchString                             0x20000d74   Data          32  esp8266.o(.bss)
    __initial_sp                             0x20001998   Data           0  startup.o(STACK)



==============================================================================

Memory Map of the image

  Image Entry point : 0x0000026d

  Load Region LR_1 (Base: 0x00000000, Size: 0x00003d24, Max: 0xffffffff, ABSOLUTE, COMPRESSED[0x00003c48])

    Execution Region ER_RO (Base: 0x00000000, Size: 0x00003bbc, Max: 0xffffffff, ABSOLUTE)

    Base Addr    Size         Type   Attr      Idx    E Section Name        Object

    0x00000000   0x00000284   Code   RO            3  * RESET               startup.o
    0x00000284   0x00000000   Code   RO         1098  * .ARM.Collect$$$$00000000  mc_w.l(entry.o)
    0x00000284   0x00000004   Code   RO         1374    .ARM.Collect$$$$00000001  mc_w.l(entry2.o)
    0x00000288   0x00000004   Code   RO         1377    .ARM.Collect$$$$00000004  mc_w.l(entry5.o)
    0x0000028c   0x00000000   Code   RO         1379    .ARM.Collect$$$$00000008  mc_w.l(entry7b.o)
    0x0000028c   0x00000000   Code   RO         1381    .ARM.Collect$$$$0000000A  mc_w.l(entry8b.o)
    0x0000028c   0x00000008   Code   RO         1382    .ARM.Collect$$$$0000000B  mc_w.l(entry9a.o)
    0x00000294   0x00000000   Code   RO         1384    .ARM.Collect$$$$0000000D  mc_w.l(entry10a.o)
    0x00000294   0x00000000   Code   RO         1386    .ARM.Collect$$$$0000000F  mc_w.l(entry11a.o)
    0x00000294   0x00000004   Code   RO         1375    .ARM.Collect$$$$00002712  mc_w.l(entry2.o)
    0x00000298   0x0000001c   Code   RO            4    .text               startup.o
    0x000002b4   0x00000024   Code   RO         1101    .text               mc_w.l(memcpya.o)
    0x000002d8   0x0000000e   Code   RO         1105    .text               mc_w.l(strlen.o)
    0x000002e6   0x0000001c   Code   RO         1107    .text               mc_w.l(strcmp.o)
    0x00000302   0x00000012   Code   RO         1109    .text               mc_w.l(strcpy.o)
    0x00000314   0x0000002c   Code   RO         1389    .text               mc_w.l(uidiv.o)
    0x00000340   0x00000024   Code   RO         1404    .text               mc_w.l(init.o)
    0x00000364   0x0000005c   Code   RO         1422    .text               mc_w.l(__dczerorl2.o)
    0x000003c0   0x0000002c   Code   RO          647    i.ADC0_InSeq3       adcswtrigger.o
    0x000003ec   0x000000ec   Code   RO          648    i.ADC0_InitSWTriggerSeq3_Ch9  adcswtrigger.o
    0x000004d8   0x00000078   Code   RO          598    i.Alarm_Init        main.o
    0x00000550   0x00000018   Code   RO          665    i.Board_Input       led.o
    0x00000568   0x00000020   Code   RO           34    i.Delay1ms          st7735.o
    0x00000588   0x00000020   Code   RO          725    i.DelayMs           esp8266.o
    0x000005a8   0x00000030   Code   RO          726    i.DelayMsSearching  esp8266.o
    0x000005d8   0x00000464   Code   RO          536    i.Display_PG1       display.o
    0x00000a3c   0x0000096c   Code   RO          537    i.Display_PG2       display.o
    0x000013a8   0x00000024   Code   RO          538    i.Display_PG3       display.o
    0x000013cc   0x000000c8   Code   RO          539    i.Display_PG4       display.o
    0x00001494   0x0000007c   Code   RO          727    i.ESP8266FIFOtoBuffer  esp8266.o
    0x00001510   0x0000001a   Code   RO          729    i.ESP8266SendCommand  esp8266.o
    0x0000152a   0x00000002   PAD
    0x0000152c   0x00000064   Code   RO          730    i.ESP8266_CloseTCPConnection  esp8266.o
    0x00001590   0x0000000c   Code   RO          734    i.ESP8266_EnableRXInterrupt  esp8266.o
    0x0000159c   0x00000044   Code   RO          736    i.ESP8266_GetIPAddress  esp8266.o
    0x000015e0   0x00000048   Code   RO          737    i.ESP8266_GetStatus  esp8266.o
    0x00001628   0x00000044   Code   RO          738    i.ESP8266_GetVersionNumber  esp8266.o
    0x0000166c   0x0000024c   Code   RO          739    i.ESP8266_Init      esp8266.o
    0x000018b8   0x00000110   Code   RO          740    i.ESP8266_InitUART  esp8266.o
    0x000019c8   0x00000064   Code   RO          741    i.ESP8266_JoinAccessPoint  esp8266.o
    0x00001a2c   0x00000044   Code   RO          742    i.ESP8266_ListAccessPoints  esp8266.o
    0x00001a70   0x0000006c   Code   RO          743    i.ESP8266_MakeTCPConnection  esp8266.o
    0x00001adc   0x00000018   Code   RO          744    i.ESP8266_PrintChar  esp8266.o
    0x00001af4   0x00000074   Code   RO          746    i.ESP8266_Reset     esp8266.o
    0x00001b68   0x000000a0   Code   RO          747    i.ESP8266_SendTCP   esp8266.o
    0x00001c08   0x00000058   Code   RO          748    i.ESP8266_SetConnectionMux  esp8266.o
    0x00001c60   0x00000058   Code   RO          749    i.ESP8266_SetDataTransmissionMode  esp8266.o
    0x00001cb8   0x00000060   Code   RO          751    i.ESP8266_SetWifiMode  esp8266.o
    0x00001d18   0x00000190   Code   RO          329    i.GPIOPortD_Handler  switch.o
    0x00001ea8   0x0000000c   Code   RO          667    i.LED_GreenOff      led.o
    0x00001eb4   0x0000000c   Code   RO          668    i.LED_GreenOn       led.o
    0x00001ec0   0x0000006c   Code   RO          670    i.LED_Init          led.o
    0x00001f2c   0x00000014   Code   RO          673    i.LED_RedToggle     led.o
    0x00001f40   0x0000000a   Code   RO           35    i.Output_Clear      st7735.o
    0x00001f4a   0x00000010   Code   RO           37    i.Output_Init       st7735.o
    0x00001f5a   0x00000002   PAD
    0x00001f5c   0x0000007c   Code   RO           12    i.PLL_Init          pll.o
    0x00001fd8   0x0000003c   Code   RO          946    i.RxFifo_Put        uart.o
    0x00002014   0x00000018   Code   RO          947    i.RxFifo_Size       uart.o
    0x0000202c   0x000000f4   Code   RO           43    i.ST7735_DrawCharS  st7735.o
    0x00002120   0x00000048   Code   RO           47    i.ST7735_DrawPixel  st7735.o
    0x00002168   0x00000056   Code   RO           48    i.ST7735_DrawString  st7735.o
    0x000021be   0x00000002   PAD
    0x000021c0   0x000000ac   Code   RO           49    i.ST7735_FillRect   st7735.o
    0x0000226c   0x00000024   Code   RO           50    i.ST7735_FillScreen  st7735.o
    0x00002290   0x0000007c   Code   RO           52    i.ST7735_InitR      st7735.o
    0x0000230c   0x000000e8   Code   RO           54    i.ST7735_Line       st7735.o
    0x000023f4   0x000000d4   Code   RO           55    i.ST7735_OutChar    st7735.o
    0x000024c8   0x00000018   Code   RO           56    i.ST7735_OutString  st7735.o
    0x000024e0   0x0000008c   Code   RO           57    i.ST7735_OutUDec    st7735.o
    0x0000256c   0x00000020   Code   RO           66    i.ST7735_SetCursor  st7735.o
    0x0000258c   0x0000004c   Code   RO          753    i.SearchCheck       esp8266.o
    0x000025d8   0x00000030   Code   RO          754    i.SearchStart       esp8266.o
    0x00002608   0x000000d4   Code   RO          755    i.ServerResponseSearchCheck  esp8266.o
    0x000026dc   0x00000040   Code   RO          756    i.ServerResponseSearchStart  esp8266.o
    0x0000271c   0x00000030   Code   RO          330    i.Switch_Debounce   switch.o
    0x0000274c   0x0000008c   Code   RO          331    i.Switch_Init       switch.o
    0x000027d8   0x0000000c   Code   RO          332    i.Switch_Input      switch.o
    0x000027e4   0x00000058   Code   RO          601    i.SysTick_Handler   main.o
    0x0000283c   0x00000020   Code   RO          485    i.SysTick_Wait      systickints.o
    0x0000285c   0x00000028   Code   RO          511    i.Timer0A_Handler   timer0a.o
    0x00002884   0x0000006c   Code   RO          512    i.Timer0A_Init      timer0a.o
    0x000028f0   0x00000110   Code   RO          386    i.Timer1A_Handler   timer1.o
    0x00002a00   0x00000060   Code   RO          387    i.Timer1_Init       timer1.o
    0x00002a60   0x0000003c   Code   RO          948    i.TxFifo_Get        uart.o
    0x00002a9c   0x0000003c   Code   RO          950    i.TxFifo_Put        uart.o
    0x00002ad8   0x00000018   Code   RO          951    i.TxFifo_Size       uart.o
    0x00002af0   0x00000058   Code   RO          952    i.UART0_Handler     uart.o
    0x00002b48   0x00000030   Code   RO          757    i.UART1_Handler     esp8266.o
    0x00002b78   0x00000034   Code   RO          960    i.UART_OutCharNonBlock  uart.o
    0x00002bac   0x00000020   Code   RO         1202    i.__0printf$3       mc_w.l(printf3.o)
    0x00002bcc   0x00000028   Code   RO         1204    i.__0sprintf$3      mc_w.l(printf3.o)
    0x00002bf4   0x0000000e   Code   RO         1416    i.__scatterload_copy  mc_w.l(handlers.o)
    0x00002c02   0x00000002   Code   RO         1417    i.__scatterload_null  mc_w.l(handlers.o)
    0x00002c04   0x0000000e   Code   RO         1418    i.__scatterload_zeroinit  mc_w.l(handlers.o)
    0x00002c12   0x00000002   PAD
    0x00002c14   0x000001b8   Code   RO         1209    i._printf_core      mc_w.l(printf3.o)
    0x00002dcc   0x0000000a   Code   RO         1211    i._sputc            mc_w.l(printf3.o)
    0x00002dd6   0x00000056   Code   RO           70    i.commandList       st7735.o
    0x00002e2c   0x00000184   Code   RO           71    i.commonInit        st7735.o
    0x00002fb0   0x0000002c   Code   RO          964    i.copyHardwareToSoftware  uart.o
    0x00002fdc   0x0000002c   Code   RO          965    i.copySoftwareToHardware  uart.o
    0x00003008   0x00000030   Code   RO          449    i.decrementAlarmMin  setalarm.o
    0x00003038   0x00000038   Code   RO          411    i.decrementMin      settime.o
    0x00003070   0x00000048   Code   RO           74    i.fillmessage       st7735.o
    0x000030b8   0x00000010   Code   RO           75    i.fputc             st7735.o
    0x000030c8   0x00000030   Code   RO          450    i.incrementAlarmHour  setalarm.o
    0x000030f8   0x00000030   Code   RO          451    i.incrementAlarmMin  setalarm.o
    0x00003128   0x0000003c   Code   RO          412    i.incrementHour     settime.o
    0x00003164   0x0000003c   Code   RO          413    i.incrementMin      settime.o
    0x000031a0   0x0000000e   Code   RO          758    i.lc                esp8266.o
    0x000031ae   0x00000002   PAD
    0x000031b0   0x000000fc   Code   RO          602    i.main              main.o
    0x000032ac   0x00000012   Code   RO           76    i.pushColor         st7735.o
    0x000032be   0x00000002   PAD
    0x000032c0   0x00000074   Code   RO           77    i.setAddrWindow     st7735.o
    0x00003334   0x00000030   Code   RO           78    i.writecommand      st7735.o
    0x00003364   0x00000020   Code   RO           79    i.writedata         st7735.o
    0x00003384   0x000007e2   Data   RO           81    .constdata          st7735.o
    0x00003b66   0x00000002   PAD
    0x00003b68   0x00000034   Data   RO          540    .constdata          display.o
    0x00003b9c   0x00000020   Data   RO         1414    Region$$Table       anon$$obj.o


    Execution Region ER_RW (Base: 0x20000000, Size: 0x00000168, Max: 0xffffffff, ABSOLUTE, COMPRESSED[0x0000008c])

    Base Addr    Size         Type   Attr      Idx    E Section Name        Object

    0x20000000   0x0000002c   Data   RW           82    .data               st7735.o
    0x2000002c   0x00000008   Data   RW          334    .data               switch.o
    0x20000034   0x00000018   Data   RW          388    .data               timer1.o
    0x2000004c   0x00000006   Data   RW          452    .data               setalarm.o
    0x20000052   0x00000002   Data   RW          513    .data               timer0a.o
    0x20000054   0x00000004   PAD
    0x20000058   0x0000003a   Data   RW          541    .data               display.o
    0x20000092   0x00000002   PAD
    0x20000094   0x00000080   Data   RW          603    .data               main.o
    0x20000114   0x00000040   Data   RW          761    .data               esp8266.o
    0x20000154   0x00000010   Data   RW          968    .data               uart.o
    0x20000164   0x00000004   Data   RW         1388    .data               mc_w.l(stdout.o)


    Execution Region ER_ZI (Base: 0x20000168, Size: 0x00001830, Max: 0xffffffff, ABSOLUTE)

    Base Addr    Size         Type   Attr      Idx    E Section Name        Object

    0x20000168   0x0000000c   Zero   RW           80    .bss                st7735.o
    0x20000174   0x00000c20   Zero   RW          759    .bss                esp8266.o
    0x20000d94   0x00000800   Zero   RW          967    .bss                uart.o
    0x20001594   0x00000004   PAD
    0x20001598   0x00000400   Zero   RW            1    STACK               startup.o


==============================================================================

Image component sizes


      Code (inc. data)   RO Data    RW Data    ZI Data      Debug   Object Name

       280         38          0          0          0        923   adcswtrigger.o
      3772        594         52         58          0       5028   display.o
      2720        946          0         64       3104      15876   esp8266.o
       176         40          0          0          0       1890   led.o
       460        136          0        128          0       2520   main.o
       124          6          0          0          0       4651   pll.o
       144         14          0          6          0       2056   setalarm.o
       176         28          0          0          0       1342   settime.o
      2208        220       2018         44         12      17292   st7735.o
       672        622          0          0       1024        940   startup.o
       600         38          0          8          0       3036   switch.o
        32          0          0          0          0        819   systickints.o
       148         30          0          2          0       1471   timer0a.o
       368         50          0         24          0       1938   timer1.o
       456         80          0         16       2048       5208   uart.o

    ----------------------------------------------------------------------
     12346       2842       2104        356       6192      64990   Object Totals
         0          0         32          0          0          0   (incl. Generated)
        10          0          2          6          4          0   (incl. Padding)

    ----------------------------------------------------------------------

      Code (inc. data)   RO Data    RW Data    ZI Data      Debug   Library Member Name

        92          0          0          0          0          0   __dczerorl2.o
         0          0          0          0          0          0   entry.o
         0          0          0          0          0          0   entry10a.o
         0          0          0          0          0          0   entry11a.o
         8          4          0          0          0          0   entry2.o
         4          0          0          0          0          0   entry5.o
         0          0          0          0          0          0   entry7b.o
         0          0          0          0          0          0   entry8b.o
         8          4          0          0          0          0   entry9a.o
        30          0          0          0          0          0   handlers.o
        36          8          0          0          0         68   init.o
        36          0          0          0          0         68   memcpya.o
       522         20          0          0          0        332   printf3.o
         0          0          0          4          0          0   stdout.o
        28          0          0          0          0         76   strcmp.o
        18          0          0          0          0         68   strcpy.o
        14          0          0          0          0         68   strlen.o
        44          0          0          0          0         80   uidiv.o

    ----------------------------------------------------------------------
       842         36          0          4          0        760   Library Totals
         2          0          0          0          0          0   (incl. Padding)

    ----------------------------------------------------------------------

      Code (inc. data)   RO Data    RW Data    ZI Data      Debug   Library Name

       840         36          0          4          0        760   mc_w.l

    ----------------------------------------------------------------------
       842         36          0          4          0        760   Library Totals

    ----------------------------------------------------------------------

==============================================================================


      Code (inc. data)   RO Data    RW Data    ZI Data      Debug   

     13188       2878       2104        360       6192      61070   Grand Totals
     13188       2878       2104        140       6192      61070   ELF Image Totals (compressed)
     13188       2878       2104        140          0          0   ROM Totals

==============================================================================

    Total RO  Size (Code + RO Data)                15292 (  14.93kB)
    Total RW  Size (RW Data + ZI Data)              6552 (   6.40kB)
    Total ROM Size (Code + RO Data + RW Data)      15432 (  15.07kB)

==============================================================================

