<html>
<body>
<pre>
<h1>µVision Build Log</h1>
<h2>Project:</h2>
C:\Users\MichaelPark\Desktop\UT\4-1 Spring 2016\EE 445L\Labs\EmbSysLab\Lab8\ST7735.uvproj
Project File Date:  03/19/2016

<h2>Output:</h2>
Build target 'ST7735'
compiling Switch.c...
Display.h(44): warning:  #1-D: last line of file ends without a newline
        
Switch.c(80): warning:  #177-D: variable "i" was declared but never referenced
        int i;
Switch.c: 2 warnings, 0 errors
compiling Timer1.c...
Display.h(44): warning:  #1-D: last line of file ends without a newline
        
Timer1.c(92): warning:  #186-D: pointless comparison of unsigned integer with zero
                if((ADCvalue>=0) && (ADCvalue<1024)) 
Timer1.c: 2 warnings, 0 errors
linking...
Program Size: Code=8316 RO-data=2104 RW-data=96 ZI-data=1040  
".\ST7735.axf" - 0 Error(s), 4 Warning(s).
Load "C:\\Users\\MichaelPark\\Desktop\\UT\\4-1 Spring 2016\\EE 445L\\Labs\\EmbSysLab\\Lab8\\ST7735.axf" 
Connecting: Mode=JTAG, Speed=1000000Hz
Erase Done.
Programming Done.
Verify OK.
</pre>
</body>
</html>
: last line of file ends without a newline
        
Display.c(228): warning:  #177-D: variable "datepos" was declared but never referenced
        int datepos = 0;
Display.c: 2 warnings, 0 errors
compiling Main.c...
Display.h(44): warning:  #1-D: last line of file ends without a newline
        
Main.c: 1 warning, 0 errors
linking...
Program Size: Code=5080 RO-data=2052 RW-data=84 ZI-data=1036  
".\ST7735.axf" - 0 Error(s), 9 Warning(s).
Load "C:\\Users\\MichaelPark\\Desktop\\UT\\4-1 Spring 2016\\EE 445L\\Labs\\EmbSysLab\\Lab8\\ST7735.axf" 
Connecting: Mode=JTAG, Speed=1000000Hz
Erase Done.
Programming Done.
Verify OK.
ng 2016\\EE 445L\\Labs\\EmbSysLab\\Lab8\\ST7735.axf" 
Connecting: Mode=JTAG, Speed=1000000Hz
Erase Done.
Programming Done.
Verify OK.
play.c(387): error:  #169: expected a declaration
  }
Display.c(555): warning: At end of source:  #12-D: parsing restarts here after previous syntax error
Display.c: 6 warnings, 2 errors
compiling Main.c...
Display.h(44): warning:  #1-D: last line of file ends without a newline
        
Main.c: 1 warning, 0 errors
".\ST7735.axf" - 2 Error(s), 13 Warning(s).
Target not created
B2 multiply defined (by display.o and switch.o).
.\ST7735.axf: Error: L6200E: Symbol Weather_DB2 multiply defined (by main.o and switch.o).
Not enough information to list image symbols.
Not enough information to list the image map.
Finished: 2 information, 0 warning and 10 error messages.
".\ST7735.axf" - 10 Error(s), 8 Warning(s).
Target not created
Users\\MichaelPark\\Desktop\\UT\\4-1 Spring 2016\\EE 445L\\Labs\\EmbSysLab\\Lab8\\ST7735.axf" 
_____^
*** error 56: cannot open file
Error: Flash Download failed  -  Could not load file 'C:\Users\MichaelPark\Desktop\UT\4-1 Spring 2016\EE 445L\Labs\EmbSysLab\Lab8\ST7735.axf'
