


ARM Macro Assembler    Page 1 


    1 00000000         ;Version 3 assembly floating point
    2 00000000         ; run with floating-point hardware active
    3 00000000         ;65553*12.5ns = 819.4125 us
    4 00000000                 AREA             DATA, ALIGN=2
    5 00000000 00 00 00 
              00       T       SPACE            4
    6 00000004 00 00 00 
              00       N       SPACE            4
    7 00000008                 AREA             |.text|, CODE, READONLY, ALIGN=
2
    8 00000000                 THUMB
    9 00000000                 EXPORT           Test3EC
   10 00000000         Test3EC
   11 00000000 F04F 0000       MOV              R0,#0
   12 00000004 4909            LDR              R1,=N       ;pointer to N
   13 00000006 4A0A            LDR              R2,=T       ;pointer to T
   14 00000008         ; VLDR.F32 S1,=0.009768   
   15 00000008         ;  VLDR.F32 S2,=10   
   16 00000008 6008    loop3   STR              R0,[R1]     ; N is volatile
   17 0000000A EE00 0A10       VMOV.F32         S0,R0
   18 0000000E EEB8 0A40       VCVT.F32.U32     S0,S0       ; S0 has N
   19 00000012 EE20 0A20       VMUL.F32         S0,S0,S1    ; N*0.09768
   20 00000016 EE30 0A01       VADD.F32         S0,S0,S2    ; 10+N*0.0968
   21 0000001A ED82 0A00       VSTR.F32         S0,[R2]     ; T=10+N*0.0968
   22 0000001E F100 0001       ADD              R0,R0,#1
   23 00000022 F5B0 5F80       CMP              R0,#4096
   24 00000026 D1EF            BNE              loop3
   25 00000028 4770            BX               LR
   26 0000002A                 END
              00 00 00000000 
              00000000 
Command Line: --debug --xref --cpu=Cortex-M4.fp --apcs=interwork --depend=.\ext
racredit2.d -o.\extracredit2.o -IC:\Keil\ARM\RV31\INC -IC:\Keil\ARM\CMSIS\Inclu
de -IC:\Keil\ARM\Inc\Luminary --predefine="__EVAL SETA 1" --predefine="__MICROL
IB SETA 1" --list=.\extracredit2.lst ExtraCredit2.asm



ARM Macro Assembler    Page 1 Alphabetic symbol ordering
Relocatable symbols

DATA 00000000

Symbol: DATA
   Definitions
      At line 4 in file ExtraCredit2.asm
   Uses
      None
Comment: DATA unused
N 00000004

Symbol: N
   Definitions
      At line 6 in file ExtraCredit2.asm
   Uses
      At line 12 in file ExtraCredit2.asm
Comment: N used once
T 00000000

Symbol: T
   Definitions
      At line 5 in file ExtraCredit2.asm
   Uses
      At line 13 in file ExtraCredit2.asm
Comment: T used once
3 symbols



ARM Macro Assembler    Page 1 Alphabetic symbol ordering
Relocatable symbols

.text 00000000

Symbol: .text
   Definitions
      At line 7 in file ExtraCredit2.asm
   Uses
      None
Comment: .text unused
Test3EC 00000000

Symbol: Test3EC
   Definitions
      At line 10 in file ExtraCredit2.asm
   Uses
      At line 9 in file ExtraCredit2.asm
Comment: Test3EC used once
loop3 00000008

Symbol: loop3
   Definitions
      At line 16 in file ExtraCredit2.asm
   Uses
      At line 24 in file ExtraCredit2.asm
Comment: loop3 used once
3 symbols
341 symbols in table
