<html>
<body>
<pre>
<h1>µVision Build Log</h1>
<h2>Project:</h2>
D:\UT2016\445L\Labs\Lab5.1\MAX549_4C123\MAX549.uvproj
Project File Date:  02/24/2016

<h2>Output:</h2>
Rebuild target 'MAX549'
assembling startup.s...
compiling SysTick.c...
compiling MAX549TestMain.c...
compiling max549.c...
compiling Switch.c...
compiling Timer0A.c...
compiling Timer1.c...
linking...
Program Size: Code=1132 RO-data=160 RW-data=4 ZI-data=1028  
".\MAX549.axf" - 0 Error(s), 0 Warning(s).
E: Undefined symbol isPlaying (referred from switch.o).
Not enough information to list image symbols.
Finished: 1 information, 0 warning and 2 error messages.
".\MAX549.axf" - 2 Error(s), 0 Warning(s).
Target not created
