<html>
<body>
<pre>
<h1>µVision Build Log</h1>
<h2>Project:</h2>
C:\Users\Jack\Documents\GitHub\EmbSysLab\Lab5\MAX549.uvproj
Project File Date:  02/29/2016

<h2>Output:</h2>
Rebuild target 'MAX549'
assembling startup.s...
compiling Switch.c...
compiling Timer0A.c...
compiling DAC.c...
compiling Main.c...
Music.h(49): warning:  #1-D: last line of file ends without a newline
  #endif
Main.c: 1 warning, 0 errors
compiling Music.c...
Music.h(49): warning:  #1-D: last line of file ends without a newline
  #endif
Music.c: 1 warning, 0 errors
compiling PLL.c...
compiling SysTickInts.c...
Music.h(49): warning:  #1-D: last line of file ends without a newline
  #endif
SysTickInts.c: 1 warning, 0 errors
compiling Timer1.c...
linking...
Program Size: Code=2276 RO-data=1184 RW-data=20 ZI-data=1540  
".\MAX549.axf" - 0 Error(s), 3 Warning(s).
Load "C:\\Users\\Jack\\Documents\\GitHub\\EmbSysLab\\Lab5\\MAX549.axf" 
Connecting: Mode=JTAG, Speed=1000000Hz
Erase Done.
Programming Done.
Verify OK.
Load "C:\\Users\\Jack\\Documents\\GitHub\\EmbSysLab\\Lab5\\MAX549.axf" 
Connecting: Mode=JTAG, Speed=1000000Hz
Erase Done.
Programming Done.
Verify OK.
2 warnings, 2 errors
compiling PLL.c...
compiling SysTickInts.c...
Music.h(47): warning:  #1-D: last line of file ends without a newline
  #endif
SysTickInts.c: 1 warning, 0 errors
".\MAX549.axf" - 2 Error(s), 4 Warning(s).
Target not created
 created
