<html>
<body>
<pre>
<h1>µVision Build Log</h1>
<h2>Project:</h2>
C:\Users\MichaelPark\Desktop\UT\4-1 Spring 2016\EE 445L\Labs\445L\Lab3\ST7735_4C123\ST7735_4C123\ST7735.uvproj
Project File Date:  02/14/2016

<h2>Output:</h2>
Rebuild target 'ST7735'
assembling startup.s...
compiling PLL.c...
compiling ST7735.c...
ST7735.c(1646): warning:  #177-D: variable "store" was declared but never referenced
        int32_t store=0;        
ST7735.c: 1 warning, 0 errors
compiling Switch.c...
compiling Timer1.c...
compiling SetTime.c...
compiling SetAlarm.c...
SetAlarm.c(99): warning:  #1-D: last line of file ends without a newline
  }
SetAlarm.c: 1 warning, 0 errors
compiling PWM.c...
compiling TimeDisplay.c...
compiling AlarmClockMain.c...
compiling SysTickInts.c...
linking...
Program Size: Code=10784 RO-data=2344 RW-data=156 ZI-data=1028  
".\ST7735.axf" - 0 Error(s), 2 Warning(s).
Load "C:\\Users\\MichaelPark\\Desktop\\UT\\4-1 Spring 2016\\EE 445L\\Labs\\445L\\Lab3\\ST7735_4C123\\ST7735_4C123\\ST7735.axf" 
Connecting: Mode=JTAG, Speed=1000000Hz
Erase Done.
Programming Done.
Verify OK.
</pre>
</body>
</html>
