<html>
<body>
<pre>
<h1>µVision Build Log</h1>
<h2>Project:</h2>
C:\Users\MichaelPark\Desktop\UT\4-1 Spring 2016\EE 445L\Labs\445L\Lab3\ST7735_4C123\ST7735_4C123\ST7735.uvproj
Project File Date:  02/14/2016

<h2>Output:</h2>
Rebuild target 'ST7735'
assembling startup.s...
compiling PLL.c...
compiling ST7735.c...
ST7735.c(1646): warning:  #177-D: variable "store" was declared but never referenced
        int32_t store=0;        
ST7735.c: 1 warning, 0 errors
compiling Switch.c...
SetTime.h(26): warning:  #1-D: last line of file ends without a newline
  void decrementMin(void);
SetAlarm.h(21): warning:  #1-D: last line of file ends without a newline
  void AlarmToggleOFF(void);
Switch.c: 2 warnings, 0 errors
compiling Timer1.c...
compiling SetTime.c...
SetTime.h(26): warning:  #1-D: last line of file ends without a newline
  void decrementMin(void);
SetTime.c: 1 warning, 0 errors
compiling SetAlarm.c...
SetAlarm.h(21): warning:  #1-D: last line of file ends without a newline
  void AlarmToggleOFF(void);
SetAlarm.c(55): warning:  #186-D: pointless comparison of unsigned integer with zero
    if((--alarm_hours)<0) {alarm_hours = 23;} //if hour below 0, reset to 23
SetAlarm.c(67): warning:  #186-D: pointless comparison of unsigned integer with zero
    if((--alarm_minutes)<0) {alarm_minutes = 59;} //if min below 0, reset to 59
SetAlarm.c(82): warning:  #1-D: last line of file ends without a newline
  }
SetAlarm.c: 4 warnings, 0 errors
compiling PWM.c...
compiling TimeDisplay.c...
compiling AlarmClockMain.c...
SetTime.h(26): warning:  #1-D: last line of file ends without a newline
  void decrementMin(void);
SetAlarm.h(21): warning:  #1-D: last line of file ends without a newline
  void AlarmToggleOFF(void);
AlarmClockMain.c: 2 warnings, 0 errors
compiling SysTick.c...
linking...
Program Size: Code=8152 RO-data=2344 RW-data=64 ZI-data=1024  
".\ST7735.axf" - 0 Error(s), 10 Warning(s).
Load "C:\\Users\\MichaelPark\\Desktop\\UT\\4-1 Spring 2016\\EE 445L\\Labs\\445L\\Lab3\\ST7735_4C123\\ST7735_4C123\\ST7735.axf" 
Connecting: Mode=JTAG, Speed=1000000Hz
Erase Done.
Programming Done.
Verify OK.
Load "C:\\Users\\MichaelPark\\Desktop\\UT\\4-1 Spring 2016\\EE 445L\\Labs\\445L\\Lab3\\ST7735_4C123\\ST7735_4C123\\ST7735.axf" 
Connecting: Mode=JTAG, Speed=1000000Hz
Erase Done.
Programming Done.
Verify OK.
g(s).
Target not created
2 Error(s), 11 Warning(s).
Target not created
30: expected a "{"
  extern __softfp unsigned __ARM_dcmp4(double /*x*/, double /*y*/);
C:\Keil\ARM\ARMCC\bin\..\include\math.h(126): error:  #118: a void function may not return a value
      return ((__FLT(__x) >> 23) & 0xff) != 0xff;
C:\Keil\ARM\ARMCC\bin\..\include\math.h(126): error:  #20: identifier "__x" is undefined
      return ((__FLT(__x) >> 23) & 0xff) != 0xff;
TimeDisplay.c(78): warning:  #223-D: function "DelayWait10ms" declared implicitly
          DelayWait10ms(500);
TimeDisplay.c(92): warning:  #223-D: function "DelayWait10ms" declared implicitly
      DelayWait10ms(1);
TimeDisplay.c: 2 warnings, 3 errors
compiling AlarmClockMain.c...
TimeDisplay.h(12): error:  #130: expected a "{"
  void TimeDisplay_Init(void);
SetTime.h(26): warning:  #1-D: last line of file ends without a newline
  void decrementMin(void);
SetAlarm.h(21): warning:  #1-D: last line of file ends without a newline
  void AlarmToggleOFF(void);
AlarmClockMain.c(28): warning:  #12-D: parsing restarts here after previous syntax error
  {  
AlarmClockMain.c(29): error:  #20: identifier "SetTime_Mode" is undefined
        SetTime_Mode, 
AlarmClockMain.c(30): error:  #20: identifier "SetAlarm_Mode" is undefined
        SetAlarm_Mode, 
AlarmClockMain.c(31): error:  #20: identifier "ToggleAlarm_Mode" is undefined
        ToggleAlarm_Mode, 
AlarmClockMain.c(32): error:  #20: identifier "TimeDisplay_Mode" is undefined
        TimeDisplay_Mode
AlarmClockMain.c(33): error:  #65: expected a ";"
  };  
AlarmClockMain.c(49): warning:  #223-D: function "PLL_Init" declared implicitly
        PLL_Init(Bus80MHz);                     // set system clock to 80 MHz
AlarmClockMain.c(50): warning:  #223-D: function "Timer1_Init" declared implicitly
        Timer1_Init(0, PERIOD);                                                 // Init Timer1 for global clock
AlarmClockMain.c(52): warning:  #223-D: function "Switch_Init" declared implicitly
        Switch_Init();                                                                                          // Init PORTB and switch initialization
AlarmClockMain.c(53): warning:  #223-D: function "PWM0A_Init" declared implicitly
        PWM0A_Init(40000, 30000);                                                       // Init PWM Sound module
AlarmClockMain.c(54): warning:  #223-D: function "SysTick_Init" declared implicitly
        SysTick_Init(80000);
AlarmClockMain.c(68): warning:  #223-D: function "SetTime_Init" declared implicitly
        SetTime_Init();                                                                                         
AlarmClockMain.c(82): error:  #20: identifier "SetTime_Mode" is undefined
                if(Mode == SetTime_Mode)
AlarmClockMain.c(85): error:  #20: identifier "SetAlarm_Mode" is undefined
                if(Mode == SetAlarm_Mode)
AlarmClockMain.c(89): error:  #20: identifier "ToggleAlarm_Mode" is undefined
                if(Mode == ToggleAlarm_Mode)
AlarmClockMain.c(93): error:  #20: identifier "TimeDisplay_Mode" is undefined
                if(Mode == TimeDisplay_Mode)
AlarmClockMain.c(95): warning:  #223-D: function "DisplayRefresh" declared implicitly
                        DisplayRefresh();
AlarmClockMain.c(96): warning:  #223-D: function "DisplayMinute" declared implicitly
                        DisplayMinute();
AlarmClockMain.c(97): warning:  #223-D: function "DisplayHour" declared implicitly
                        DisplayHour();
AlarmClockMain.c(128): error:  #20: identifier "SetTime_Mode" is undefined
                Mode = SetTime_Mode;
AlarmClockMain.c(135): error:  #20: identifier "SetAlarm_Mode" is undefined
                Mode = SetAlarm_Mode;
AlarmClockMain.c(142): error:  #20: identifier "ToggleAlarm_Mode" is undefined
                Mode = ToggleAlarm_Mode;
AlarmClockMain.c(149): error:  #20: identifier "TimeDisplay_Mode" is undefined
                Mode = TimeDisplay_Mode;
AlarmClockMain.c: 12 warnings, 14 errors
compiling SysTickInts.c...
compiling SysTick.c...
compiling Timer0A.c...
".\ST7735.axf" - 22 Error(s), 24 Warning(s).
Target not created
