<html>
<body>
<pre>
<h1>µVision Build Log</h1>
<h2>Project:</h2>
C:\Users\MichaelPark\Desktop\UT\4-1 Spring 2016\EE 445L\Labs\445L\Lab3\ST7735_4C123\ST7735_4C123\ST7735.uvproj
Project File Date:  02/14/2016

<h2>Output:</h2>
Rebuild target 'ST7735'
assembling startup.s...
compiling PLL.c...
compiling ST7735.c...
ST7735.c(1646): warning:  #177-D: variable "store" was declared but never referenced
        int32_t store=0;        
ST7735.c: 1 warning, 0 errors
compiling SysTick.c...
compiling Switch.c...
SetTime.h(26): warning:  #1-D: last line of file ends without a newline
  void decrementMin(void);
SetAlarm.h(21): warning:  #1-D: last line of file ends without a newline
  void AlarmToggleOFF(void);
Switch.c: 2 warnings, 0 errors
compiling Timer1.c...
compiling SetTime.c...
SetTime.h(26): warning:  #1-D: last line of file ends without a newline
  void decrementMin(void);
SetTime.c: 1 warning, 0 errors
compiling SetAlarm.c...
SetAlarm.h(21): warning:  #1-D: last line of file ends without a newline
  void AlarmToggleOFF(void);
SetAlarm.c(55): warning:  #186-D: pointless comparison of unsigned integer with zero
    if((--alarm_hours)<0) {alarm_hours = 23;} //if hour below 0, reset to 23
SetAlarm.c(67): warning:  #186-D: pointless comparison of unsigned integer with zero
    if((--alarm_minutes)<0) {alarm_minutes = 59;} //if min below 0, reset to 59
SetAlarm.c(82): warning:  #1-D: last line of file ends without a newline
  }
SetAlarm.c: 4 warnings, 0 errors
compiling PWM.c...
compiling TimeDisplay.c...
compiling AlarmClockMain.c...
SetTime.h(26): warning:  #1-D: last line of file ends without a newline
  void decrementMin(void);
SetAlarm.h(21): warning:  #1-D: last line of file ends without a newline
  void AlarmToggleOFF(void);
AlarmClockMain.c: 2 warnings, 0 errors
linking...
Program Size: Code=8712 RO-data=2344 RW-data=136 ZI-data=1024  
".\ST7735.axf" - 0 Error(s), 10 Warning(s).
Load "C:\\Users\\MichaelPark\\Desktop\\UT\\4-1 Spring 2016\\EE 445L\\Labs\\445L\\Lab3\\ST7735_4C123\\ST7735_4C123\\ST7735.axf" 
Connecting: Mode=JTAG, Speed=1000000Hz
Erase Done.
Programming Done.
Verify OK.
</pre>
</body>
</html>
information, 0 warning and 1 error messages.
".\ST7735.axf" - 1 Error(s), 12 Warning(s).
Target not created
ols.
Finished: 1 information, 0 warning and 4 error messages.
".\ST7735.axf" - 4 Error(s), 11 Warning(s).
Target not created
