<html>
<body>
<pre>
<h1>µVision Build Log</h1>
<h2>Project:</h2>
C:\Users\Jack\Documents\GitHub\EmbSysLab\Lab10\PWM_4C123\PWM.uvproj
Project File Date:  04/20/2016

<h2>Output:</h2>
Rebuild target 'PWM'
assembling startup.s...
compiling PLL.c...
compiling PWM.c...
compiling PWMtest.c...
compiling PeriodMeasure.c...
compiling Switch.c...
Switch.c(76): warning:  #550-D: variable "i" was set but never used
        int i;
Switch.c: 1 warning, 0 errors
compiling SysTick.c...
compiling ST7735.c...
linking...
Program Size: Code=5364 RO-data=2052 RW-data=108 ZI-data=1132  
".\PWM.axf" - 0 Error(s), 1 Warning(s).
Load "C:\\Users\\Jack\\Documents\\GitHub\\EmbSysLab\\Lab10\\PWM_4C123\\PWM.axf" 
Connecting: Mode=JTAG, Speed=1000000Hz
Erase Done.
Programming Done.
Verify OK.
</pre>
</body>
</html>
uments\\GitHub\\EmbSysLab\\Lab10\\PWM_4C123\\PWM.axf" 
Connecting: Mode=JTAG, Speed=1000000Hz
Erase Done.
Programming Done.
Verify OK.
