<html>
<body>
<pre>
<h1>µVision Build Log</h1>
<h2>Project:</h2>
D:\UT2016\445L\Labs\PWM_4C123\PWM.uvproj
Project File Date:  04/18/2016

<h2>Output:</h2>
Rebuild target 'PWM'
assembling startup.s...
compiling PLL.c...
compiling PWM.c...
compiling PWMtest.c...
compiling PeriodMeasure.c...
compiling Switch.c...
Switch.c(68): warning:  #550-D: variable "i" was set but never used
        int i;
Switch.c: 1 warning, 0 errors
compiling SysTick.c...
linking...
Program Size: Code=3760 RO-data=32 RW-data=44 ZI-data=1124  
".\PWM.axf" - 0 Error(s), 1 Warning(s).
</pre>
</body>
</html>
.c...
Switch.c(68): warning:  #550-D: variable "i" was set but never used
        int i;
Switch.c: 1 warning, 0 errors
compiling SysTick.c...
linking...
Program Size: Code=3624 RO-data=32 RW-data=36 ZI-data=1124  
".\PWM.axf" - 0 Error(s), 3 Warning(s).
