<html>
<body>
<pre>
<h1>µVision Build Log</h1>
<h2>Project:</h2>
C:\Users\Jack\Documents\GitHub\445L\Lab2\ADCSWTrigger.uvproj
Project File Date:  02/04/2016

<h2>Output:</h2>
Rebuild target 'ADCSWTrigger'
assembling startup.s...
compiling ADCSWTrigger.c...
compiling ADCTestMain.c...
ADCTestMain.c(139): warning:  #550-D: variable "jitter" was set but never used
        uint32_t jitter;
ADCTestMain.c(168): warning:  #177-D: variable "numDiscrete" was declared but never referenced
  uint32_t numDiscrete=0;
ADCTestMain.c: 2 warnings, 0 errors
compiling PLL.c...
compiling Timer1.c...
compiling ST7735.c...
linking...
Program Size: Code=5002 RO-data=2050 RW-data=60 ZI-data=21124  
".\ADCSWTrigger.axf" - 0 Error(s), 2 Warning(s).
</pre>
</body>
</html>
uments\\GitHub\\445L\\Lab2\\ADCSWTrigger.axf" 
Connecting: Mode=JTAG, Speed=1000000Hz
Erase Done.
Programming Done.
Verify OK.
ash Download failed  -  Target DLL has been cancelled
Load "C:\\Users\\Jack\\Documents\\GitHub\\445L\\Lab2\\ADCSWTrigger.axf" 
Connecting: Mode=JTAG, Speed=1000000Hz
Erase Done.
Programming Done.
Verify OK.
